******************************************************************************
               TMS320C6x Linker Unix v6.1.17                   
******************************************************************************
>> Linked Tue Jun  6 20:53:02 2017

OUTPUT FILE NAME:   <Release/tracking.out>
ENTRY POINT SYMBOL: "_c_int00"  address: 87e349c0


MEMORY CONFIGURATION

         name            origin    length      used     unused   attr    fill
----------------------  --------  ---------  --------  --------  ----  --------
  IRAM                  107f8000   00010000  00000000  00010000  RWIX
  CACHE_L2              10808000   00008000  00000000  00008000  RWIX
  CACHE_L1P             10e04000   00004000  00000000  00004000  RWIX
  L1DSRAM               10f04000   00004000  00000000  00004000  RWIX
  CACHE_L1D             10f10000   00008000  00000000  00008000  RWIX
  RESET_VECTOR          87e00000   00000080  00000000  00000080  RWIX
  DDR2                  87e00080   000fff80  00035dc5  000ca1bb  RWIX
  DSPLINKMEM            87f00000   00030000  00000000  00030000  RWIX
  POOLMEM               87f30000   000d0000  00000000  000d0000  RWIX


SECTION ALLOCATION MAP

 output                                  attributes/
section   page    origin      length       input sections
--------  ----  ----------  ----------   ----------------
.vers      0    00000000    00000040     COPY SECTION
                  00000000    00000040     pool_notifycfg.obj (.vers)

.pinit     0    87e00080    00000000     UNINITIALIZED

.prd       0    87e00080    00000000     UNINITIALIZED

.data      0    87e00080    00000000     UNINITIALIZED

.hst       0    87e00080    00000000     UNINITIALIZED

.pip       0    87e00080    00000000     UNINITIALIZED

.DDR2$heap 
*          0    87e00080    00020000     UNINITIALIZED
                  87e00080    00020000     --HOLE--

.text      0    87e20080    00009160     
                  87e20080    00003060     dsplinkringio.lib : _ringio.obj (.text)
                  87e230e0    00001a80     task.obj (.text)
                  87e24b60    00000e60     dsplinkmpcs.lib : mpcs.obj (.text)
                  87e259c0    00000d40     dsplink.lib : ips.obj (.text)
                  87e26700    000005a0                 : dsplink.obj (.text)
                  87e26ca0    00000540     dsplinkpool.lib : sma_pool.obj (.text)
                  87e271e0    00000500     rts64plus.lib : divf.obj (.text:__divf)
                  87e276e0    00000460     dsplinkmpcs.lib : _mpcs.obj (.text)
                  87e27b40    00000200     rts64plus.lib : mpyf.obj (.text:__mpyf)
                  87e27d40    00000200     dsplinkmplist.lib : _mplist.obj (.text)
                  87e27f40    000001c0     dsplink.lib : hal_interrupt.obj (.text:DSPLINK_init)
                  87e28100    00000120     dsplinknotify.lib : notify.obj (.text)
                  87e28220    00000100     dsp_main.obj (.text)
                  87e28320    00000100     dsplink.lib : hal_interrupt.obj (.text)
                  87e28420    000000e0                 : shm_drv.obj (.text:DSPLINK_init)
                  87e28500    000000e0     rts64plus.lib : cmpd.obj (.text:__cmpd)
                  87e285e0    000000e0                   : divi.obj (.text:__divi)
                  87e286c0    000000e0                   : atoi.obj (.text:_atoi)
                  87e287a0    000000e0                   : memset.obj (.text:_memset)
                  87e28880    000000c0     dsplink.lib : dsplink.obj (.text:DSPLINK_init)
                  87e28940    000000c0     rts64plus.lib : divu.obj (.text:__divu)
                  87e28a00    000000c0     bios.a64P : tsk_stup.o64P (.text)
                  87e28ac0    000000c0     dsplinknotify.lib : _notify.obj (.text)
                  87e28b80    000000a0     dsplink.lib : dsplinkips.obj (.text:DSPLINK_init)
                  87e28c20    000000a0     dsplinkpool.lib : dsplinkpool.obj (.text:DSPLINK_init)
                  87e28cc0    000000a0     rts64plus.lib : frcmpyf_div.obj (.text:__frcmpyf_div)
                  87e28d60    000000a0                   : remu.obj (.text:__remu)
                  87e28e00    000000a0                   : memcpy64.obj (.text:_memcpy)
                  87e28ea0    00000080                   : cmpf.obj (.text:__cmpf)
                  87e28f20    00000080                   : fixfu.obj (.text:__fixfu)
                  87e28fa0    00000060                   : cvtfd.obj (.text:__cvtfd)
                  87e29000    00000060                   : frcmpyf.obj (.text:__frcmpyf)
                  87e29060    00000040     dsplinkdata.lib : dsplinkdata.obj (.text:DSPLINK_init)
                  87e290a0    00000040     dsplinkmsg.lib : dsplinkmqt.obj (.text:DSPLINK_init)
                  87e290e0    00000040     rts64plus.lib : fltuf.obj (.text:__fltuf)
                  87e29120    00000040     dsplink.lib : hal.obj (.text)
                  87e29160    00000020     rts64plus.lib : divf.obj (.text:___isnanf)
                  87e29180    00000020                   : _lock.obj (.text:__nop)
                  87e291a0    00000020                   : _lock.obj (.text:__register_lock)
                  87e291c0    00000020                   : _lock.obj (.text:__register_unlock)

.far       0    87e291e0    000053b2     UNINITIALIZED
                  87e291e0    00004f4c     task.obj (.far)
                  87e2e12c    00000004     bios3430.a64P : bcache_wait.o64P (.far)
                  87e2e130    00000120     dsplink.lib : ips.obj (.far)
                  87e2e250    000000d8     bios.a64P : knl.o64P (.far)
                  87e2e328    00000080     dsplinkpool.lib : dsplinkpool.obj (.far)
                  87e2e3a8    0000005c     bios.a64P : tsk.o64P (.far)
                  87e2e404    00000004     bios3430.a64P : clk2430_data.o64P (.far)
                  87e2e408    00000054     bios.a64P : obj_init.o64P (.far)
                  87e2e45c    00000050               : tsk_stup.o64P (.far)
                  87e2e4ac    00000004     dsplink.lib : shm_drv.obj (.far)
                  87e2e4b0    00000020     bios.a64P : sys.o64P (.far)
                  87e2e4d0    00000020     pool_notify_config.obj (.far)
                  87e2e4f0    00000014     dsplink.lib : hal_interrupt.obj (.far)
                  87e2e504    00000010     bios.a64P : exc.o64P (.far)
                  87e2e514    00000010               : knl_tick.o64P (.far)
                  87e2e524    0000000c               : hwi_disp.o64P (.far)
                  87e2e530    0000000c               : utl_putc.o64P (.far)
                  87e2e53c    0000000c     bios3430.a64P : bcache_table.o64P (.far)
                  87e2e548    00000008     dsp_main.obj (.far)
                  87e2e550    00000008     dsplinkmpcs.lib : _mpcs.obj (.far)
                  87e2e558    00000008     dsplinkmplist.lib : _mplist.obj (.far)
                  87e2e560    00000008     dsplinknotify.lib : _notify.obj (.far)
                  87e2e568    00000008     dsplinkringio.lib : ringio.obj (.far)
                  87e2e570    00000008     rts64plus.lib : _lock.obj (.far)
                  87e2e578    00000008                   : divf.obj (.far)
                  87e2e580    00000004     dsplinkdata.lib : dsplinkdata.obj (.far)
                  87e2e584    00000004     dsplinkmpcs.lib : mpcs.obj (.far)
                  87e2e588    00000004     dsplinkmsg.lib : dsplinkmqt.obj (.far)
                  87e2e58c    00000004     pool_notifycfg.obj (.far)
                  87e2e590    00000002     dsplink.lib : dsplink.obj (.far)

.trcdata   0    87e2e594    0000000c     
                  87e2e594    0000000c     bios.a64P : trc.o64P (.trcdata)

.bios      0    87e2e5a0    000043c0     
                  87e2e5a0    00000520     bios.a64P : exc.o64P (.bios)
                  87e2eac0    000004e0               : hwi_disp_asm.o64P (.bios)
                  87e2efa0    000004c0               : swi.o64P (.bios)
                  87e2f460    00000380               : prd.o64P (.bios)
                  87e2f7e0    00000340               : tsk_crea.o64P (.bios)
                  87e2fb20    00000240               : knl_run.o64P (.bios)
                  87e2fd60    00000200               : sem_pend.o64P (.bios)
                  87e2ff60    00000200     bios3430.a64P : clk2430.o64P (.bios)
                  87e30160    000001e0     bios.a64P : mem_allo.o64P (.bios:.near)
                  87e30340    000001e0               : c62_plug.o64P (.bios)
                  87e30520    000001e0               : exc_asm.o64P (.bios)
                  87e30700    000001e0               : knl_tick.o64P (.bios)
                  87e308e0    000001c0               : mem_free.o64P (.bios:.near)
                  87e30aa0    000001c0               : sem_dopo.o64P (.bios)
                  87e30c60    000001c0     bios3430.a64P : clk.o64P (.bios)
                  87e30e20    000001a0     bios.a64P : tsk_setu.o64P (.bios)
                  87e30fc0    00000180               : knl_swit.o64P (.bios)
                  87e31140    00000140               : autoinit.o64P (.bios)
                  87e31280    00000140               : knl_read.o64P (.bios)
                  87e313c0    00000140               : tsk_exit.o64P (.bios)
                  87e31500    00000140     bios3430.a64P : bcache_init.o64P (.bios)
                  87e31640    00000140                   : clk2430_reconfig.o64P (.bios)
                  87e31780    00000120     bios.a64P : gbl_cacheinit64P.o64P (.bios)
                  87e318a0    00000120               : knl_chec.o64P (.bios)
                  87e319c0    00000120               : tsk_stup.o64P (.bios)
                  87e31ae0    00000100     bios3430.a64P : bcache_block.o64P (.bios)
                  87e31be0    000000e0     bios.a64P : sem_post_asm.o64P (.bios)
                  87e31cc0    000000c0               : knl_exit.o64P (.bios)
                  87e31d80    000000a0               : knl_star.o64P (.bios)
                  87e31e20    000000a0               : sem_post.o64P (.bios)
                  87e31ec0    000000a0               : sys_exit.o64P (.bios)
                  87e31f60    00000080               : hwi_disp.o64P (.bios)
                  87e31fe0    00000080               : hwi_eventmap64P.o64P (.bios)
                  87e32060    00000080               : knl_ipos.o64P (.bios)
                  87e320e0    00000080               : knl_post.o64P (.bios)
                  87e32160    00000080               : lck.o64P (.bios)
                  87e321e0    00000080               : log.o64P (.bios)
                  87e32260    00000080               : obj_crea.o64P (.bios)
                  87e322e0    00000080     bios3430.a64P : bcache_all.o64P (.bios)
                  87e32360    00000080                   : bcache_wait.o64P (.bios)
                  87e323e0    00000060     bios.a64P : mem_vall.o64P (.bios:.near)
                  87e32440    00000060               : sys_erro.o64P (.bios:.near)
                  87e324a0    00000060               : fxn.o64P (.bios)
                  87e32500    00000060               : hwi_c.o64P (.bios)
                  87e32560    00000060               : obj_dele.o64P (.bios)
                  87e325c0    00000060               : sem_pend_counting.o64P (.bios)
                  87e32620    00000060               : sts.o64P (.bios)
                  87e32680    00000060               : swi_disable.o64P (.bios)
                  87e326e0    00000060               : sys_abor.o64P (.bios)
                  87e32740    00000060               : utl_putc.o64P (.bios)
                  87e327a0    00000040               : c62_c.o64P (.bios)
                  87e327e0    00000040               : que_get.o64P (.bios)
                  87e32820    00000040               : utl_doab.o64P (.bios)
                  87e32860    00000020               : fxn_c.o64P (.bios)
                  87e32880    00000020               : gbl_vers.o64P (.bios)
                  87e328a0    00000020               : hook_setenv.o64P (.bios)
                  87e328c0    00000020               : idl.o64P (.bios)
                  87e328e0    00000020               : sts_set.o64P (.bios)
                  87e32900    00000020               : utl_doer.o64P (.bios)
                  87e32920    00000020               : utl_halt.o64P (.bios)
                  87e32940    00000020     bios3430.a64P : clk2430_gethtime.o64P (.bios)

.stack     0    87e32960    00001000     UNINITIALIZED
                  87e32960    00001000     --HOLE--

.cinit     0    87e33960    00000c44     
                  87e33960    0000030c     pool_notifycfg.obj (.cinit)
                  87e33c6c    00000004     --HOLE-- [fill = 0]
                  87e33c70    0000026c     bios.a64P : biosdata.o64P (.cinit)
                  87e33edc    00000004     --HOLE-- [fill = 0]
                  87e33ee0    000001a4               : knl.o64P (.cinit)
                  87e34084    00000004     --HOLE-- [fill = 0]
                  87e34088    000000b0               : swi.o64P (.cinit)
                  87e34138    000000ac     task.obj (.cinit)
                  87e341e4    00000004     --HOLE-- [fill = 0]
                  87e341e8    00000070     bios.a64P : tsk.o64P (.cinit)
                  87e34258    00000060               : tsk_stup.o64P (.cinit)
                  87e342b8    0000003c               : exc.o64P (.cinit)
                  87e342f4    00000004     --HOLE-- [fill = 0]
                  87e342f8    00000036     pool_notify_config.obj (.cinit)
                  87e3432e    00000002     --HOLE-- [fill = 0]
                  87e34330    00000034     bios.a64P : hwi.o64P (.cinit)
                  87e34364    00000004     --HOLE-- [fill = 0]
                  87e34368    0000002c               : utl_putc.o64P (.cinit)
                  87e34394    00000004     --HOLE-- [fill = 0]
                  87e34398    00000028     dsplink.lib : ips.obj (.cinit)
                  87e343c0    00000024     bios.a64P : obj_init.o64P (.cinit)
                  87e343e4    00000004     --HOLE-- [fill = 0]
                  87e343e8    0000001c               : exc_asm.o64P (.cinit)
                  87e34404    00000004     --HOLE-- [fill = 0]
                  87e34408    0000001c               : sys.o64P (.cinit)
                  87e34424    00000004     --HOLE-- [fill = 0]
                  87e34428    0000001c     dsplinkmpcs.lib : _mpcs.obj (.cinit)
                  87e34444    00000004     --HOLE-- [fill = 0]
                  87e34448    0000001c     dsplinkmplist.lib : _mplist.obj (.cinit)
                  87e34464    00000004     --HOLE-- [fill = 0]
                  87e34468    0000001c     dsplinknotify.lib : _notify.obj (.cinit)
                  87e34484    00000004     --HOLE-- [fill = 0]
                  87e34488    0000001c     dsplinkringio.lib : ringio.obj (.cinit)
                  87e344a4    00000004     --HOLE-- [fill = 0]
                  87e344a8    0000001c     rts64plus.lib : _lock.obj (.cinit)
                  87e344c4    00000004     --HOLE-- [fill = 0]
                  87e344c8    00000018     bios.a64P : knl_tick.o64P (.cinit)
                  87e344e0    00000014               : hwi_disp.o64P (.cinit)
                  87e344f4    00000004     --HOLE-- [fill = 0]
                  87e344f8    00000014     bios3430.a64P : bcache_table.o64P (.cinit)
                  87e3450c    00000004     --HOLE-- [fill = 0]
                  87e34510    00000010     rts64plus.lib : divf.obj (.cinit)
                  87e34520    0000000c     bios.a64P : knl_star.o64P (.cinit)
                  87e3452c    00000004     --HOLE-- [fill = 0]
                  87e34530    0000000c               : knl_swit.o64P (.cinit)
                  87e3453c    00000004     --HOLE-- [fill = 0]
                  87e34540    0000000c               : pool.o64P (.cinit)
                  87e3454c    00000004     --HOLE-- [fill = 0]
                  87e34550    0000000c     bios3430.a64P : bcache_wait.o64P (.cinit)
                  87e3455c    00000004     --HOLE-- [fill = 0]
                  87e34560    0000000c     dsplink.lib : shm_drv.obj (.cinit)
                  87e3456c    00000004     --HOLE-- [fill = 0]
                  87e34570    0000000c     dsplinkmsg.lib : dsplinkmqt.obj (.cinit)
                  87e3457c    00000004     --HOLE-- [fill = 0]
                  87e34580    0000000a     bios.a64P : pool_init.o64P (.cinit)
                  87e3458a    00000006     --HOLE-- [fill = 0]
                  87e34590    0000000a     dsplink.lib : dsplink.obj (.cinit)
                  87e3459a    00000006     --HOLE-- [fill = 0]
                  87e345a0    00000004     (.pad.cinit) [fill = 0]

.sts       0    87e345a4    00000010     
                  87e345a4    00000010     pool_notifycfg.obj (.sts)

.clk       0    87e345b4    00000008     UNINITIALIZED
                  87e345b4    00000008     pool_notifycfg.obj (.clk)

.idl       0    87e345bc    00000004     UNINITIALIZED
                  87e345bc    00000004     pool_notifycfg.obj (.idl)

.sysinit   0    87e345c0    000005e0     
                  87e345c0    000002e0     pool_notifycfg.obj (.sysinit)
                  87e348a0    00000120     bios.a64P : pool_init.o64P (.sysinit)
                  87e349c0    000000c0               : boot.o64P (.sysinit)
                  87e34a80    000000a0               : mem_init.o64P (.sysinit)
                  87e34b20    00000060               : tsk_init.o64P (.sysinit)
                  87e34b80    00000020               : obj_init.o64P (.sysinit)

.const     0    87e34ba0    00000405     
                  87e34ba0    00000193     bios.a64P : exc.o64P (.const)
                  87e34d33    00000004               : mem_allo.o64P (.const)
                  87e34d37    00000001     --HOLE-- [fill = 0]
                  87e34d38    00000101     rts64plus.lib : ctype.obj (.const:__ctypes_)
                  87e34e39    0000004e     bios.a64P : pool_init.o64P (.const)
                  87e34e87    0000004e               : tsk_stup.o64P (.const)
                  87e34ed5    00000023               : utl_doab.o64P (.const)
                  87e34ef8    00000022               : utl_doer.o64P (.const)
                  87e34f1a    00000019     dsplinkmplist.lib : _mplist.obj (.const:.string)
                  87e34f33    00000019     dsplinkringio.lib : _ringio.obj (.const:.string)
                  87e34f4c    00000012     dsplinkmpcs.lib : _mpcs.obj (.const:.string)
                  87e34f5e    00000012                     : mpcs.obj (.const:.string)
                  87e34f70    00000012     dsplinkpool.lib : sma_pool.obj (.const:.string)
                  87e34f82    00000002     --HOLE-- [fill = 0]
                  87e34f84    00000010                     : sma_pool.obj (.const)
                  87e34f94    0000000b     dsplink.lib : dsplink.obj (.const:.string)
                  87e34f9f    00000004     bios.a64P : mem_free.o64P (.const)
                  87e34fa3    00000001     --HOLE-- [fill = 0]
                  87e34fa4    00000001               : tsk.o64P (.const)

.printf    0    87e34fa5    0000001a     COPY SECTION
                  87e34fa5    0000001a     pool_notifycfg.obj (.printf)

.TSK_idle$stk 
*          0    87e34fa8    00000400     UNINITIALIZED
                  87e34fa8    00000400     pool_notifycfg.obj (.TSK_idle$stk)

.bss       0    87e353a8    00000336     UNINITIALIZED
                  87e353a8    00000100     bios.a64P : hwi_disp_asm.o64P (.bss)
                  87e354a8    000000cc               : biosdata.o64P (.bss)
                  87e35574    0000009c               : swi.o64P (.bss)
                  87e35610    00000048               : knl.o64P (.bss)
                  87e35658    00000020               : exc_asm.o64P (.bss)
                  87e35678    00000018               : hwi.o64P (.bss)
                  87e35690    00000010               : exc.o64P (.bss)
                  87e356a0    00000010     pool_notifycfg.obj (.bss)
                  87e356b0    0000000c     bios.a64P : tsk.o64P (.bss)
                  87e356bc    00000008               : clk_data.o64P (.bss)
                  87e356c4    00000008               : sys.o64P (.bss)
                  87e356cc    00000004               : clk_data2.o64P (.bss)
                  87e356d0    00000004               : knl_star.o64P (.bss)
                  87e356d4    00000004               : mem_asm.o64P (.bss)
                  87e356d8    00000004               : pool.o64P (.bss)
                  87e356dc    00000002               : pool_init.o64P (.bss)

.switch    0    87e356e0    00000010     
                  87e356e0    00000010     dsplinkringio.lib : _ringio.obj (.switch)

.sys       0    87e356f0    00000010     UNINITIALIZED
                  87e356f0    00000010     pool_notifycfg.obj (.sys)

.LOG_system$buf 
*          0    87e35700    00000100     UNINITIALIZED
                  87e35700    00000100     pool_notifycfg.obj (.LOG_system$buf)

.hwi_vec   0    87e35800    00000200     
                  87e35800    00000200     pool_notifycfg.obj (.hwi_vec)

.trace     0    87e35a00    00000200     
                  87e35a00    00000200     --HOLE-- [fill = 00000000]

.data:DSPLINK_shmBaseAddress 
*          0    87e35c00    00000084     
                  87e35c00    00000084     dsplink.lib : dsplink.obj (.data:DSPLINK_shmBaseAddress) [fill = c3f05000]

.tsk       0    87e35c84    00000060     UNINITIALIZED
                  87e35c84    00000060     pool_notifycfg.obj (.tsk)

.idlcal    0    87e35ce4    00000004     UNINITIALIZED
                  87e35ce4    00000004     pool_notifycfg.obj (.idlcal)

.mem       0    87e35ce8    00000004     UNINITIALIZED
                  87e35ce8    00000004     pool_notifycfg.obj (.mem)

.trace$buf 
*          0    87e35d00    00000080     UNINITIALIZED
                  87e35d00    00000080     pool_notifycfg.obj (.trace$buf)

.args      0    87e35d80    00000050     
                  87e35d80    00000050     --HOLE-- [fill = 0]

.gblinit   0    87e35dd0    00000034     
                  87e35dd0    00000034     pool_notifycfg.obj (.gblinit)

.log       0    87e35e04    00000030     
                  87e35e04    00000030     pool_notifycfg.obj (.log)

.swi       0    87e35e34    0000002c     UNINITIALIZED
                  87e35e34    0000002c     pool_notifycfg.obj (.swi)


GLOBAL SYMBOLS: SORTED ALPHABETICALLY BY Name 

address    name
--------   ----
87e353a8   $bss
87e353a8   .bss
87e00080   .data
87e20080   .text
87e345c0   BIOS_init
87e3480c   BIOS_start
00000000   BUF$
00000001   BUF_ENABLED
ffffffff   CACHE_L1D
ffffffff   CACHE_L1P
ffffffff   CACHE_L2
00000001   CLK$
87e345b4   CLK_A_TABBEG
00000001   CLK_CALDIV
00000001   CLK_CALMULT
00050910   CLK_COUNTSPMS
00000005   CLK_COUNTSPMSHIGH
87e354d0   CLK_D_idletime
87e354cc   CLK_D_isrhook
87e354c8   CLK_D_tabbeg
87e354c4   CLK_D_timefxn
00000001   CLK_ENABLEHTIME
87e30c60   CLK_F_getltime
87e30c70   CLK_F_isr
87e30dc0   CLK_F_itime
87e2eac0   CLK_HOOKFXN
00000001   CLK_HTIMEDIV
00000001   CLK_HTIMEMULT
00050910   CLK_HTIMEPERLTIME
00004b00   CLK_INPUTCLK
00004000   CLK_INTBIT
00000001   CLK_LTIMEDIV
00050910   CLK_LTIMEMULT
000003e8   CLK_MICROSECS
00004b00   CLK_PRD
00000000   CLK_PRDHIGH
49038000   CLK_REGS
00000000   CLK_RESETTIMER
87e354c0   CLK_R_time
00000020   CLK_TCR
00000000   CLK_TDDR
00000000   CLK_TDDRHIGH
87e32940   CLK_TIMEFXN
00000000   CLK_TIMERNUM
00000005   CLK_TIMMODE
00000001   CLK_USETIMER
87e345b8   CLK_null
87e356ac   DDR2
87e00080   DDR2$B
00020000   DDR2$L
00000000   DEV$
00000000   DGN$
00000000   DHL$
00000000   DHL_gChannelsAvailable
00000000   DIO$
00000000   DIO_NUMSWIBASE
00000000   DIO_NUMTSKBASE
00000000   DIO_STATIC
00000000   DPI$
ffffffff   DSPLINKMEM
00000000   ECM$
00000000   ECM_ENABLE
ffffffff   ECM_EVTMASK0
ffffffff   ECM_EVTMASK1
ffffffff   ECM_EVTMASK2
ffffffff   ECM_EVTMASK3
0000000a   EVENT10
00000064   EVENT100
00000065   EVENT101
00000066   EVENT102
00000067   EVENT103
00000068   EVENT104
00000069   EVENT105
0000006a   EVENT106
0000006b   EVENT107
0000006c   EVENT108
0000006d   EVENT109
0000000b   EVENT11
0000006e   EVENT110
0000006f   EVENT111
00000070   EVENT112
00000071   EVENT113
00000072   EVENT114
00000073   EVENT115
00000074   EVENT116
00000075   EVENT117
00000076   EVENT118
00000077   EVENT119
0000000c   EVENT12
00000078   EVENT120
00000079   EVENT121
0000007a   EVENT122
0000007b   EVENT123
0000007c   EVENT124
0000007d   EVENT125
0000007e   EVENT126
0000007f   EVENT127
0000000d   EVENT13
0000000e   EVENT14
0000000f   EVENT15
00000010   EVENT16
00000011   EVENT17
00000012   EVENT18
00000013   EVENT19
00000014   EVENT20
00000015   EVENT21
00000016   EVENT22
00000017   EVENT23
00000018   EVENT24
00000019   EVENT25
0000001a   EVENT26
0000001b   EVENT27
0000001c   EVENT28
0000001d   EVENT29
0000001e   EVENT30
0000001f   EVENT31
00000020   EVENT32
00000021   EVENT33
00000022   EVENT34
00000023   EVENT35
00000024   EVENT36
00000025   EVENT37
00000026   EVENT38
00000027   EVENT39
00000004   EVENT4
00000028   EVENT40
00000029   EVENT41
0000002a   EVENT42
0000002b   EVENT43
0000002c   EVENT44
0000002d   EVENT45
0000002e   EVENT46
0000002f   EVENT47
00000030   EVENT48
00000031   EVENT49
00000005   EVENT5
00000032   EVENT50
00000033   EVENT51
00000034   EVENT52
00000035   EVENT53
00000036   EVENT54
00000037   EVENT55
00000038   EVENT56
00000039   EVENT57
0000003a   EVENT58
0000003b   EVENT59
00000006   EVENT6
0000003c   EVENT60
0000003d   EVENT61
0000003e   EVENT62
0000003f   EVENT63
00000040   EVENT64
00000041   EVENT65
00000042   EVENT66
00000043   EVENT67
00000044   EVENT68
00000045   EVENT69
00000007   EVENT7
00000046   EVENT70
00000047   EVENT71
00000048   EVENT72
00000049   EVENT73
0000004a   EVENT74
0000004b   EVENT75
0000004c   EVENT76
0000004d   EVENT77
0000004e   EVENT78
0000004f   EVENT79
00000008   EVENT8
00000050   EVENT80
00000051   EVENT81
00000052   EVENT82
00000053   EVENT83
00000054   EVENT84
00000055   EVENT85
00000056   EVENT86
00000057   EVENT87
00000058   EVENT88
00000059   EVENT89
00000009   EVENT9
0000005a   EVENT90
0000005b   EVENT91
0000005c   EVENT92
0000005d   EVENT93
0000005e   EVENT94
0000005f   EVENT95
00000060   EVENT96
00000061   EVENT97
00000062   EVENT98
00000063   EVENT99
87e324a0   FXN_F_nop
87e324a4   FXN_F_run
87e324e0   FXN_F_zero
00000001   GBL$
00005205   GBL_A_VERSION
00000000   GBL_BCACHEREADADDR0
00000000   GBL_BCACHEREADADDR1
00000000   GBL_BCACHEREADADDR2
00000000   GBL_BIGENDIAN
00000000   GBL_CACHE
00000000   GBL_CALLCSLCFGINIT
00004e20   GBL_CLKIN
00000d66   GBL_CLKTYPE
00001963   GBL_DSPSUBTYPE
0000003e   GBL_DSPTYPE
00000000   GBL_ENABLEINST
00000000   GBL_ENABLE_SK
00000042   GBL_FOOTPRINT
00050910   GBL_FREQ
00000000   GBL_GEMTRUECOMPEN
00000007   GBL_L1DMODE
00000003   GBL_L1PMODE
00000001   GBL_L2CONFIGURE
00000000   GBL_L2MAR0_31
00000080   GBL_L2MAR128_159
00000000   GBL_L2MAR160_191
00000000   GBL_L2MAR192_223
00000000   GBL_L2MAR224_255
00000000   GBL_L2MAR32_63
00000000   GBL_L2MAR64_95
00000000   GBL_L2MAR96_127
00000001   GBL_L2MODE
00000000   GBL_NULL
00000000   GBL_PROCID
00000000   GBL_ROM
00000000   GBL_SUPPORTCSL
00004000   GBL_TRCMASKVALUE
00000000   GBL_USERINIT
87e32860   GBL_USERINITFXN
00000001   GBL_boot
87e2e59c   GBL_initdone
87e32960   GBL_stackbeg
87e3395f   GBL_stackend
00000000   GIO$
87e32860   GIO_CREATEFXN
87e32860   GIO_DELETEFXN
87e32860   GIO_PENDFXN
87e32860   GIO_POSTFXN
00000000   HOOK$
00000000   HOOK_KNLID
00000000   HST$
87e00080   HST_A_TABBEG
87e00080   HST_A_TABEND
00000000   HST_DSM
87e356ac   HST_DSMBUFSEG
00000400   HST_DSMMEMSIZE
87e3553c   HST_D_chanmask
87e35540   HST_D_tabbeg
87e35544   HST_D_tabend
00000100   HST_MAXFRAMEALLOWED
00000000   HST_MAXFRAMESET
00000001   HST_NONE
00000000   HST_RTDX
00000001   HWI$
87e35800   HWI_A_VECS
00004000   HWI_CFGDISPATCHED
87e35688   HWI_D_bss
87e3568c   HWI_D_ccmask
87e35678   HWI_D_spsave
00000001   HWI_ENABLE_EXC
87e2eac0   HWI_F_dispatch
00000000   HWI_GENERATE_RESET_VEC
0000000a   HWI_INT10
00000000   HWI_INT10$hwi
0000000b   HWI_INT11
00000000   HWI_INT11$hwi
0000000c   HWI_INT12
00000000   HWI_INT12$hwi
0000000d   HWI_INT13
00000000   HWI_INT13$hwi
0000000e   HWI_INT14
00000000   HWI_INT14$hwi
0000000f   HWI_INT15
00000000   HWI_INT15$hwi
00000004   HWI_INT4
00000000   HWI_INT4$hwi
00000005   HWI_INT5
00000000   HWI_INT5$hwi
00000006   HWI_INT6
00000000   HWI_INT6$hwi
00000007   HWI_INT7
00000000   HWI_INT7$hwi
00000008   HWI_INT8
00000000   HWI_INT8$hwi
00000009   HWI_INT9
00000000   HWI_INT9$hwi
07060504   HWI_INTRMUX1
0a0a0908   HWI_INTRMUX2
34330d0b   HWI_INTRMUX3
00000001   HWI_NMI
00000000   HWI_NMI$hwi
00000000   HWI_POLARITYMASK
00000002   HWI_RESERVED0
00000000   HWI_RESERVED0$hwi
00000003   HWI_RESERVED1
00000000   HWI_RESERVED1$hwi
00000000   HWI_RESET
00000000   HWI_RESET$hwi
00000000   HWI_ZEROTAB
00000000   IDL$
87e35ce4   IDL_A_CALBEG
87e345bc   IDL_A_TABBEG
00000000   IDL_CALIBRERROR
00000000   IDL_CALIBRFXN
87e354b0   IDL_D_calbeg
87e354ac   IDL_D_calibrate
87e354a8   IDL_D_tabbeg
87e345bc   IDL_END
87e35ce4   IDL_END$
87e328c0   IDL_F_loop
00000000   IDL_USECLKIDLTIME
ffffffff   IRAM
00000001   ISRC$
87e31118   KNL_glue
87e35e34   KNL_swi
00000001   KNL_swi$dorta
00000000   KNL_swi$ord
00000000   KNL_swi$pri
87e345a8   KNL_swi$sts
87e34fb5   KNL_swi$sts$avgfmt
00000002   KNL_swi$sts$filter
00000001   KNL_swi$sts$filtmaxmult
00000001   KNL_swi$sts$filtsummult
87e34fa5   KNL_swi$sts$maxfmt
87e345a4   KNL_swi$sts$stsobj
87e34fad   KNL_swi$sts$sumfmt
00000000   KNL_swi$sts$unittype
00000000   KNL_swi$swi
ffffffff   L1DSRAM
00000001   LCK$
00000001   LOG$
87e35e04   LOG_A_TABBEG
87e35e34   LOG_A_TABEND
00000002   LOG_A_TABLEN
87e354b4   LOG_D_system
00000001   LOG_ENABLED
87e321e0   LOG_F_event
87e35e04   LOG_system
87e35700   LOG_system$buf
00000000   LOG_system$datatype
00000000   LOG_system$log
00000040   LOG_system$size
00000000   MBX$
00000001   MEM$
87e356ac   MEM_MALLOCSEG
00000000   MEM_NULL
87e356ac   MEM_SEGZERO
00000000   MEM_USEMPC
00000001   MEM_gNumHeap
00000000   MSGQ$
00000000   MSGQ_USEMSGQ
00000000   OBJ$
00000000   PIP$
87e00080   PIP_A_TABBEG
87e00080   PIP_A_TABEND
00000000   PIP_A_TABLEN
87e354b8   PIP_D_tabbeg
87e354bc   PIP_D_tablen
00000064   PIP_OBJSIZE
00000000   PIP_gNextId
00000000   PIP_gNumEmbed
00000001   POOL$
ffffffff   POOLMEM
00000001   POOL_USEPOOL
00000001   PRD$
87e00080   PRD_A_TABBEG
87e00080   PRD_A_TABEND
00000000   PRD_A_TABLEN
87e354f8   PRD_D_cur
87e354fc   PRD_D_elapsed
87e35500   PRD_D_prevtim
87e35504   PRD_D_scalar
87e35508   PRD_D_swihandle
87e3550c   PRD_D_tabbeg
87e35510   PRD_D_tablen
87e35514   PRD_D_thook
87e354f4   PRD_D_tick
87e2f460   PRD_F_swi
87e2f6e4   PRD_F_tick
00000001   PRD_SCALAR
00000000   PRD_SWIHANDLE
87e308cc   PRD_THOOKFXN
87e345b4   PRD_clock
00000001   PWRM$
00000000   PWRM_PWRM_CAPSMASK
0000000a   PWRM_PWRM_CLKTICKSPERSLOT
00000000   PWRM_PWRM_ENABLE
00000000   PWRM_PWRM_LOADENABLE
00000001   PWRM_PWRM_NUMSLOTS
00000000   PWRM_PWRM_RESOURCETRACKING
00000000   PWRM_PWRM_SCALING
87e32860   PWRM_PWRM_SHAREDRESOURCEFXN
87e32860   PWRM_PWRM_SLOTHOOKFXN
00000000   PWRM_PWRM_TIMERIDNUM
00000000   PWRM_PWRM_TIMERINTRMASK
00000000   PWRM_PWRM_TIMERWUGENMASK
00000000   PWRM_PWRM_USERRESOURCES
00000000   PWRM_PWRM_USETIMER
00000001   QUE$
ffffffff   RESET_VECTOR
87e35518   RTA_D_fromHost
87e35520   RTA_D_logval
87e35530   RTA_D_stsval
87e3551c   RTA_D_toHost
00000000   RTDX$
00000408   RTDX_BUFMEMSIZE
87e356ac   RTDX_DATAMEMSEG
00000000   RTDX_MODE
00000000   RTDX_USERTDX
00000000   RTDX_USERTEXECUTION
00000000   SEM$
00000000   SIO$
00000000   STS$
87e345a4   STS_A_TABBEG
87e345b4   STS_A_TABEND
87e3264c   STS_F_add
87e32620   STS_F_delta
87e32668   STS_F_reset
00000001   SWI$
87e35e34   SWI_A_TABBEG
87e35e60   SWI_A_TABEND
00000001   SWI_A_TABLEN
87e3558c   SWI_D_curfxn
87e3557c   SWI_D_curmask
87e35588   SWI_D_curmbox
87e35580   SWI_D_curset
87e35578   SWI_D_execaddr
87e35594   SWI_D_inswi
87e35584   SWI_D_lock
87e35590   SWI_D_rdybeg
87e35598   SWI_D_rdytab
87e35574   SWI_D_runaddr
00000000   SWI_EHOOKFXN
87e2f184   SWI_EXECFXN
87e2efa0   SWI_F_enable
87e2f184   SWI_F_exec
87e2f1ac   SWI_F_iexec
87e2f010   SWI_F_post
87e2f22c   SWI_F_run
00000000   SWI_IHOOKFXN
87e2f22c   SWI_RUNFXN
00000001   SYS$
87e356f0   SYS$config
87e32820   SYS_ABORTFXN
87e32900   SYS_ERRORFXN
87e32920   SYS_EXITFXN
87e32740   SYS_PUTCFXN
87e2e598   TRC_R_mask
87e2e594   TRC_cinit
00000001   TSK$
00000000   TSK_NUM_HOOKS
00000001   TSK_PRIORITY
00000000   TSK_READYFXN
87e356ac   TSK_STACKSEG
00000400   TSK_STACKSIZE
00000000   TSK_SWITCHFXN
87e32860   TSK_VCREATEFXN
87e32860   TSK_VDELETEFXN
87e32860   TSK_VEXITFXN
87e35c90   TSK_idle
00000000   TSK_idle$ord
00000000   TSK_idle$pri
87e34fa8   TSK_idle$stack
87e35340   TSK_idle$stkptr
00000000   TSK_idle$tsk
00000000   UDEV$
87e31594   _BCACHE_bootInit
87e31614   _BCACHE_getMar
87e315c4   _BCACHE_getSize
87e31bd0   _BCACHE_inv
87e32350   _BCACHE_invL1pAll
87e31594   _BCACHE_setCacheToSram
87e31544   _BCACHE_setMar
87e31500   _BCACHE_setSize
87e32360   _BCACHE_wait
87e31bc0   _BCACHE_wb
87e32340   _BCACHE_wbAll
87e31bac   _BCACHE_wbInv
87e3232c   _BCACHE_wbInvAll
87e345c0   _BIOS_init
87e3480c   _BIOS_start
87e327cc   _C62_clearIFR
87e327a0   _C62_disableIER
87e30348   _C62_dispatchPlug
87e327b8   _C62_enableIER
87e30340   _C62_plug
87e327cc   _C64_clearIFR
87e327a0   _C64_disableIER
87e30348   _C64_dispatchPlug
87e327b8   _C64_enableIER
87e30340   _C64_plug
ffffffff   _CACHE_L1D
ffffffff   _CACHE_L1P
ffffffff   _CACHE_L2
00050910   _CLK_COUNTSPMS
87e356bc   _CLK_DFLTMICROSECS
87e354f0   _CLK_D_countspms
87e354e4   _CLK_D_dirty
87e356c0   _CLK_D_microseconds
87e354e8   _CLK_D_prd
87e354ec   _CLK_D_tddr
87e30dc0   _CLK_F_itime
00004b00   _CLK_PRD
49038000   _CLK_REGS
00000000   _CLK_TDDR
00000000   _CLK_TIMERNUM
00000001   _CLK_USETIMER
87e32940   _CLK_gethtime
49038000   _CLK_gptimer
87e2e58c   _CLK_gptimer_enablemask
87e354d4   _CLK_htimeDiv
87e354d8   _CLK_htimeMult
87e356cc   _CLK_htimePerLtime
87e2e404   _CLK_inputClock
87e30dc0   _CLK_itime
87e354dc   _CLK_ltimeDiv
87e354e0   _CLK_ltimeMult
87e3166c   _CLK_reconfig
87e2ffc4   _CLK_start
87e2ff60   _CLK_stop
87e356ac   _DDR2
87e00080   _DDR2_base
00020000   _DDR2_length
87e2e580   _DSPLINKDATA_ctrlPtr
87e29060   _DSPLINKDATA_init
87e28b80   _DSPLINKIPS_init
ffffffff   _DSPLINKMEM
87e2e588   _DSPLINKMQT_ctrlPtr
87e290a0   _DSPLINKMQT_init
87e2e328   _DSPLINKPOOL_ctrlPtr
87e28c20   _DSPLINKPOOL_init
87e28880   _DSPLINK_init
87e35c00   _DSPLINK_shmBaseAddress
87e35c08   _DSPLINK_shmBaseAddress_pad
0000000a   _EVENT10
00000064   _EVENT100
00000065   _EVENT101
00000066   _EVENT102
00000067   _EVENT103
00000068   _EVENT104
00000069   _EVENT105
0000006a   _EVENT106
0000006b   _EVENT107
0000006c   _EVENT108
0000006d   _EVENT109
0000000b   _EVENT11
0000006e   _EVENT110
0000006f   _EVENT111
00000070   _EVENT112
00000071   _EVENT113
00000072   _EVENT114
00000073   _EVENT115
00000074   _EVENT116
00000075   _EVENT117
00000076   _EVENT118
00000077   _EVENT119
0000000c   _EVENT12
00000078   _EVENT120
00000079   _EVENT121
0000007a   _EVENT122
0000007b   _EVENT123
0000007c   _EVENT124
0000007d   _EVENT125
0000007e   _EVENT126
0000007f   _EVENT127
0000000d   _EVENT13
0000000e   _EVENT14
0000000f   _EVENT15
00000010   _EVENT16
00000011   _EVENT17
00000012   _EVENT18
00000013   _EVENT19
00000014   _EVENT20
00000015   _EVENT21
00000016   _EVENT22
00000017   _EVENT23
00000018   _EVENT24
00000019   _EVENT25
0000001a   _EVENT26
0000001b   _EVENT27
0000001c   _EVENT28
0000001d   _EVENT29
0000001e   _EVENT30
0000001f   _EVENT31
00000020   _EVENT32
00000021   _EVENT33
00000022   _EVENT34
00000023   _EVENT35
00000024   _EVENT36
00000025   _EVENT37
00000026   _EVENT38
00000027   _EVENT39
00000004   _EVENT4
00000028   _EVENT40
00000029   _EVENT41
0000002a   _EVENT42
0000002b   _EVENT43
0000002c   _EVENT44
0000002d   _EVENT45
0000002e   _EVENT46
0000002f   _EVENT47
00000030   _EVENT48
00000031   _EVENT49
00000005   _EVENT5
00000032   _EVENT50
00000033   _EVENT51
00000034   _EVENT52
00000035   _EVENT53
00000036   _EVENT54
00000037   _EVENT55
00000038   _EVENT56
00000039   _EVENT57
0000003a   _EVENT58
0000003b   _EVENT59
00000006   _EVENT6
0000003c   _EVENT60
0000003d   _EVENT61
0000003e   _EVENT62
0000003f   _EVENT63
00000040   _EVENT64
00000041   _EVENT65
00000042   _EVENT66
00000043   _EVENT67
00000044   _EVENT68
00000045   _EVENT69
00000007   _EVENT7
00000046   _EVENT70
00000047   _EVENT71
00000048   _EVENT72
00000049   _EVENT73
0000004a   _EVENT74
0000004b   _EVENT75
0000004c   _EVENT76
0000004d   _EVENT77
0000004e   _EVENT78
0000004f   _EVENT79
00000008   _EVENT8
00000050   _EVENT80
00000051   _EVENT81
00000052   _EVENT82
00000053   _EVENT83
00000054   _EVENT84
00000055   _EVENT85
00000056   _EVENT86
00000057   _EVENT87
00000058   _EVENT88
00000059   _EVENT89
00000009   _EVENT9
0000005a   _EVENT90
0000005b   _EVENT91
0000005c   _EVENT92
0000005d   _EVENT93
0000005e   _EVENT94
0000005f   _EVENT95
00000060   _EVENT96
00000061   _EVENT97
00000062   _EVENT98
00000063   _EVENT99
87e2ea90   _EXC_clearLastStatus
87e30520   _EXC_dispatch
87e2e914   _EXC_exceptionHandler
87e35690   _EXC_exceptionHook
87e2e8e0   _EXC_external
87e35698   _EXC_externalHook
87e2e8c0   _EXC_getLastStatus
87e2e880   _EXC_init
87e2e5d4   _EXC_internal
87e35694   _EXC_internalHook
87e2e5a0   _EXC_nmi
87e3569c   _EXC_nmiHook
87e35660   _EXC_returnPtr
87e306e4   _EXC_setReturnPtr
87e2e504   _EXC_status
87e35658   _EXC_sysTrapTable
87e32860   _FXN_F_nop
87e324a4   _FXN_F_run
87e324e0   _FXN_F_zero
00000000   _GBL_CACHE
87e317e4   _GBL_cacheInit64P
87e3554c   _GBL_clkIn
87e35550   _GBL_freq
87e32880   _GBL_getVersion
87e35548   _GBL_procId
87e29148   _HAL_exit
87e29120   _HAL_init
87e283f8   _HAL_intClear
87e283cc   _HAL_intDisable
87e283a0   _HAL_intEnable
87e28060   _HAL_intInit
87e27f40   _HAL_intRegister
87e28390   _HAL_intSend
87e28320   _HAL_intWaitClear
87e328a0   _HOOK_setenv
87e00080   _HST_A_TABBEG
87e00080   _HST_A_TABEND
87e2e524   _HWI_ATTRS
00004000   _HWI_CFGDISPATCHED
87e35684   _HWI_D_inhwi
87e35678   _HWI_D_spsave
87e2eac0   _HWI_F_dispatch
0000000a   _HWI_INT10
0000000b   _HWI_INT11
0000000c   _HWI_INT12
0000000d   _HWI_INT13
0000000e   _HWI_INT14
0000000f   _HWI_INT15
00000004   _HWI_INT4
00000005   _HWI_INT5
00000006   _HWI_INT6
00000007   _HWI_INT7
00000008   _HWI_INT8
00000009   _HWI_INT9
00000001   _HWI_NMI
00000002   _HWI_RESERVED0
00000003   _HWI_RESERVED1
00000000   _HWI_RESET
87e33958   _HWI_STKBOTTOM
87e32960   _HWI_STKTOP
87e35678   _HWI_data
87e32500   _HWI_disable
87e31f60   _HWI_dispatchPlug
87e353a8   _HWI_dispatchTab
87e32518   _HWI_enable
87e31fe0   _HWI_eventMap
87e3252c   _HWI_restore
87e328c0   _IDL_loop
87e26538   _IPS_clearReserved
87e26484   _IPS_exit
87e26320   _IPS_init
87e25d98   _IPS_isNotReserved
87e26114   _IPS_notify
87e25dc0   _IPS_register
87e25d70   _IPS_setReserved
87e259c0   _IPS_unregister
ffffffff   _IRAM
87e35618   _KNL_alarm
87e318a0   _KNL_check
87e3563c   _KNL_curqueue
87e3562c   _KNL_curtask
87e35634   _KNL_curtime
87e2e2f0   _KNL_dummy
87e31d00   _KNL_enter
87e31cc0   _KNL_exit
87e31968   _KNL_idle
87e35654   _KNL_idlefxn
87e35620   _KNL_inactive
87e32060   _KNL_ipost
87e31990   _KNL_max
87e35640   _KNL_maxqueue
87e320e0   _KNL_post
87e35630   _KNL_prevtask
87e35624   _KNL_priority
87e2e250   _KNL_queues
87e31280   _KNL_ready
87e2fb20   _KNL_run
87e30fc0   _KNL_saveIsrFrame
87e35628   _KNL_set
87e3561c   _KNL_setpri
87e31d80   _KNL_start
87e35e34   _KNL_swi
87e35638   _KNL_swiptr
87e3106c   _KNL_switch
87e35648   _KNL_tcreatefxn
87e3564c   _KNL_tdeletefxn
87e308cc   _KNL_tick
87e35650   _KNL_treadyfxn
87e35644   _KNL_tswitchfxn
87e35610   _KNL_wFlag
87e35614   _KNL_wList
ffffffff   _L1DSRAM
87e32180   _LCK_pend
87e32160   _LCK_post
87e35e04   _LOG_A_TABBEG
87e35e34   _LOG_A_TABEND
00000002   _LOG_A_TABLEN
87e354b4   _LOG_D_system
87e321e0   _LOG_event
87e35e04   _LOG_system
87e356d4   _MEM
87e35554   _MEM_D_NUMSEGMENTS
87e3555c   _MEM_D_freelist
87e35560   _MEM_D_lockaddr
87e35558   _MEM_D_memtab
87e35564   _MEM_D_unlockaddr
87e30160   _MEM_alloc
87e308e0   _MEM_free
87e34a80   _MEM_init
87e356a0   _MEM_memtab
87e323e0   _MEM_valloc
87e2e548   _MPCSXFER_BufferSize
87e2e54c   _MPCSXFER_NumIterations
87e258f4   _MPCS_close
87e253a4   _MPCS_create
87e2e554   _MPCS_csObj
87e2e550   _MPCS_ctrlPtr
87e24ee0   _MPCS_delete
87e24cec   _MPCS_enter
87e27ad4   _MPCS_exit
87e27954   _MPCS_init
87e24bc0   _MPCS_leave
87e24b60   _MPCS_open
87e2e558   _MPLIST_ctrlPtr
87e27ec0   _MPLIST_exit
87e27d40   _MPLIST_init
87e2e55c   _MPLIST_mpcsObj
87e2e560   _NOTIFY_ctrlPtr
87e28ac0   _NOTIFY_init
87e281b4   _NOTIFY_notify
87e2e564   _NOTIFY_numIps
87e28154   _NOTIFY_register
87e28100   _NOTIFY_unregister
87e32260   _OBJ_create
87e32560   _OBJ_delete
87e34b80   _OBJ_init
87e2e440   _OBJ_segtab
87e2e408   _OBJ_table
87e00080   _PIP_A_TABBEG
87e00080   _PIP_A_TABEND
87e356d8   _POOL
ffffffff   _POOLMEM
87e2e4e8   _POOL_config
87e348a0   _POOL_init
87e26c04   _POOL_open
87e354f4   _PRD_D_tick
87e345b4   _PRD_clock
87e327e0   _QUE_get
87e32808   _QUE_put
ffffffff   _RESET_VECTOR
87e2e568   _RingIO_ctrlPtr
87e23038   _RingIO_exit
87e22eb8   _RingIO_init
87e2e56c   _RingIO_mpcsObj
87e325c0   _SEM_pend
87e2fd60   _SEM_pendEnterKnl
87e31be0   _SEM_post
87e31be0   _SEM_postBinary
87e31e20   _SEM_postEnterKnl
87e28434   _SHMDRV_handshake
87e28420   _SHMDRV_init
87e34f84   _SMAPOOL_FXNS
87e26fec   _SMAPOOL_alloc
87e26df0   _SMAPOOL_free
87e26dd8   _SMAPOOL_init
87e26ca0   _SMAPOOL_open
87e345a4   _STS_A_TABBEG
87e345b4   _STS_A_TABEND
87e3264c   _STS_add
87e32620   _STS_delta
87e32668   _STS_reset
87e328e0   _STS_set
87e3558c   _SWI_D_curfxn
87e3557c   _SWI_D_curmask
87e35580   _SWI_D_curset
87e35578   _SWI_D_execaddr
87e35594   _SWI_D_inswi
87e35584   _SWI_D_lock
87e35590   _SWI_D_rdybeg
87e35574   _SWI_D_runaddr
87e35574   _SWI_data
87e32680   _SWI_disable
87e326a4   _SWI_enable
87e2f010   _SWI_post
87e35568   _SYS
87e35a00   _SYS_PUTCBEG
87e35bff   _SYS_PUTCEND
87e326e0   _SYS_abort
87e32440   _SYS_error
87e31ec0   _SYS_exit
87e2e4b0   _SYS_exitStack
87e356c4   _SYS_exitStackPtr
87e356c8   _SYS_exitStackTop
87e2e4d0   _SamplePoolParams
87e2e598   _TRC_R_mask
87e356b8   _TSK
87e2e3a8   _TSK_ATTRS
87e2e3c4   _TSK_config
87e2f7e0   _TSK_create
87e313c0   _TSK_exit
87e35c90   _TSK_idle
87e34b20   _TSK_init
87e356b0   _TSK_nTasks
87e356b4   _TSK_pid
87e30e20   _TSK_setup
87e31a64   _TSK_startup
87e2e3e4   _TSK_timerSem
87e249d0   _Task_create
87e2496c   _Task_delete
87e23ec8   _Task_execute
87e32820   _UTL_doAbort
87e32900   _UTL_doError
87e32740   _UTL_doPutc
87e32920   _UTL_halt
87e2e12c   __BCACHE_emifAddr
87e2e53c   __BCACHE_readTable
87e30ddc   __CLK_lat1beg
87e30e00   __CLK_lat1end
87e26700   __DSPLINK_init
87e35570   __HOOK_NUMHOOKS
87e3556c   __HOOK_knlId
87e2eac0   __HWI_lat1beg
87e2ec48   __HWI_lat1end
87e2ec48   __HWI_lat2beg
87e2ee24   __HWI_lat2end1
87e2edb0   __HWI_lat2end2
87e2ee40   __HWI_lat3beg
87e2ede0   __HWI_lat3end2
87e318ec   __KNL_lat1beg
87e31968   __KNL_lat1end
87e321e0   __LOG_lat1beg
87e2e484   __MEM_mutex
87e276e0   __MPCS_open
48004000   __PWRM_CM_BASEADDR
5d000000   __PWRM_IVAMMU_BASEADDR
48306000   __PWRM_PRM_BASEADDR
48002000   __PWRM_SCM_BASEADDR
00000000   __PWRM_TIMERBASEADDR
00000020   __PWRM_TIMERINPUTCLK
00000000   __PWRM_TIMERINTRMASK
0000000a   __PWRM_TIMERPERIOD
00000000   __PWRM_USETIMER
87e327e0   __QUE_lat1beg
87e32800   __QUE_lat1end
87e32808   __QUE_lat2beg
87e32814   __QUE_lat2end
87e22cac   __RingIO_callNotifier
87e22bc8   __RingIO_checkNotifier
87e22674   __RingIO_getContiguousDataSize
87e21660   __RingIO_getFirstAcquiredAttr
87e20334   __RingIO_getFirstAttr
87e208a4   __RingIO_initInstance
87e21710   __RingIO_invalidateDataBuffer
87e22790   __RingIO_readerAcquire
87e224c8   __RingIO_readerCancel
87e21fb0   __RingIO_readerFlush
87e21be8   __RingIO_readerGetvAttribute
87e217ec   __RingIO_readerRelease
87e20434   __RingIO_releaseAttribute
87e20e68   __RingIO_updateAttributes
87e21424   __RingIO_writerAcquire
87e21038   __RingIO_writerCancel
87e20964   __RingIO_writerFlush
87e20518   __RingIO_writerRelease
87e20080   __RingIO_writerSetvAttribute
87e30aa0   __SEM_dopost
00001000   __STACK_SIZE
87e2f118   __SWI_lat1beg
87e2f1c4   __SWI_lat1end
87e2f1c8   __SWI_lat2beg
87e2f228   __SWI_lat2end
87e2efa0   __SWI_lat3beg
87e2f00c   __SWI_lat3end
87e2e45c   __TSK_mutex
ffffffff   ___TI_pprof_out_hndl
ffffffff   ___TI_prof_data_size
ffffffff   ___TI_prof_data_start
ffffffff   ___binit__
87e353a8   ___bss__
ffffffff   ___c_args__
87e33960   ___cinit__
87e00080   ___data__
87e00080   ___edata__
87e356de   ___end__
87e291e0   ___etext__
ffffffff   ___pinit__
87e20080   ___text__
87e31140   __auto_init
87e28500   __cmpd
87e28ea0   __cmpf
87e34d38   __ctypes_
87e28fa0   __cvtfd
87e271e0   __divf
87e285e0   __divi
87e28940   __divu
87e28f20   __fixfu
87e290e0   __fltuf
87e29000   __frcmpyf
87e28cc0   __frcmpyf_div
87e2e570   __lock
87e27b40   __mpyf
87e29180   __nop
87e291a0   __register_lock
87e291c0   __register_unlock
87e28d60   __remu
87e32960   __stack
87e2e574   __unlock
87e2e124   _address_target_region_height
87e2e120   _address_target_region_width
87e2e118   _address_target_region_x
87e2e11c   _address_target_region_y
87e23d80   _assignBufferToKernel
87e23cec   _assignBufferToTargetRegion
87e23c98   _assignBufferToVariable
87e23488   _assignPdfModelFullToBuffer
87e23414   _assignPdfModelToBuffer
87e286c0   _atoi
87e2e100   _bin_width
87e291e0   _buf
87e2e10c   _bufferBytesPerData
87e2e110   _bufferSize
87e349c0   _c_int00
87e2e108   _checkGPP
87e291e4   _frameCols
87e291e6   _frameRows
87e2e104   _iteration
87e29300   _kernel
87e291e8   _kernelCols
87e291ea   _kernelRows
87e28220   _main
87e28e00   _memcpy
87e287a0   _memset
87e2e0f4   _normalized_C
87e291f8   _pdf_model0
87e29238   _pdf_model_full
87e232a8   _pdf_representation0
87e230e0   _pdf_representation_half
87e292f8   _pdf_size
87e2e4d8   _pool_notify_Pools
87e2e114   _runningCode
87e291ec   _sizeFrame
87e291f4   _sizeHalfRect
87e291f0   _sizeKernel
87e2e0f8   _target_Region
87e35e1c   _trace
87e2e0f0   _weight
ffffffff   binit
87e33960   cinit
87e00080   edata
87e356de   end
87e291e0   etext
87e35800   hwi0
87e35820   hwi1
87e35940   hwi10
87e35960   hwi11
87e35980   hwi12
87e359a0   hwi13
87e359c0   hwi14
87e359e0   hwi15
87e35840   hwi2
87e35860   hwi3
87e35880   hwi4
87e358a0   hwi5
87e358c0   hwi6
87e358e0   hwi7
87e35900   hwi8
87e35920   hwi9
ffffffff   pinit
87e35e1c   trace
87e35d00   trace$buf
00000001   trace$datatype
00000000   trace$log
00000020   trace$size


GLOBAL SYMBOLS: SORTED BY Symbol Address 

address    name
--------   ----
00000000   BUF$
00000000   CLK_PRDHIGH
00000000   CLK_RESETTIMER
00000000   CLK_TDDR
00000000   CLK_TDDRHIGH
00000000   CLK_TIMERNUM
00000000   DEV$
00000000   DGN$
00000000   DHL$
00000000   DHL_gChannelsAvailable
00000000   DIO$
00000000   DIO_NUMSWIBASE
00000000   DIO_NUMTSKBASE
00000000   DIO_STATIC
00000000   DPI$
00000000   ECM$
00000000   ECM_ENABLE
00000000   GBL_BCACHEREADADDR0
00000000   GBL_BCACHEREADADDR1
00000000   GBL_BCACHEREADADDR2
00000000   GBL_BIGENDIAN
00000000   GBL_CACHE
00000000   GBL_CALLCSLCFGINIT
00000000   GBL_ENABLEINST
00000000   GBL_ENABLE_SK
00000000   GBL_GEMTRUECOMPEN
00000000   GBL_L2MAR0_31
00000000   GBL_L2MAR160_191
00000000   GBL_L2MAR192_223
00000000   GBL_L2MAR224_255
00000000   GBL_L2MAR32_63
00000000   GBL_L2MAR64_95
00000000   GBL_L2MAR96_127
00000000   GBL_NULL
00000000   GBL_PROCID
00000000   GBL_ROM
00000000   GBL_SUPPORTCSL
00000000   GBL_USERINIT
00000000   GIO$
00000000   HOOK$
00000000   HOOK_KNLID
00000000   HST$
00000000   HST_DSM
00000000   HST_MAXFRAMESET
00000000   HST_RTDX
00000000   HWI_GENERATE_RESET_VEC
00000000   HWI_INT10$hwi
00000000   HWI_INT11$hwi
00000000   HWI_INT12$hwi
00000000   HWI_INT13$hwi
00000000   HWI_INT14$hwi
00000000   HWI_INT15$hwi
00000000   HWI_INT4$hwi
00000000   HWI_INT5$hwi
00000000   HWI_INT6$hwi
00000000   HWI_INT7$hwi
00000000   HWI_INT8$hwi
00000000   HWI_INT9$hwi
00000000   HWI_NMI$hwi
00000000   HWI_POLARITYMASK
00000000   HWI_RESERVED0$hwi
00000000   HWI_RESERVED1$hwi
00000000   HWI_RESET
00000000   HWI_RESET$hwi
00000000   HWI_ZEROTAB
00000000   IDL$
00000000   IDL_CALIBRERROR
00000000   IDL_CALIBRFXN
00000000   IDL_USECLKIDLTIME
00000000   KNL_swi$ord
00000000   KNL_swi$pri
00000000   KNL_swi$sts$unittype
00000000   KNL_swi$swi
00000000   LOG_system$datatype
00000000   LOG_system$log
00000000   MBX$
00000000   MEM_NULL
00000000   MEM_USEMPC
00000000   MSGQ$
00000000   MSGQ_USEMSGQ
00000000   OBJ$
00000000   PIP$
00000000   PIP_A_TABLEN
00000000   PIP_gNextId
00000000   PIP_gNumEmbed
00000000   PRD_A_TABLEN
00000000   PRD_SWIHANDLE
00000000   PWRM_PWRM_CAPSMASK
00000000   PWRM_PWRM_ENABLE
00000000   PWRM_PWRM_LOADENABLE
00000000   PWRM_PWRM_RESOURCETRACKING
00000000   PWRM_PWRM_SCALING
00000000   PWRM_PWRM_TIMERIDNUM
00000000   PWRM_PWRM_TIMERINTRMASK
00000000   PWRM_PWRM_TIMERWUGENMASK
00000000   PWRM_PWRM_USERRESOURCES
00000000   PWRM_PWRM_USETIMER
00000000   RTDX$
00000000   RTDX_MODE
00000000   RTDX_USERTDX
00000000   RTDX_USERTEXECUTION
00000000   SEM$
00000000   SIO$
00000000   STS$
00000000   SWI_EHOOKFXN
00000000   SWI_IHOOKFXN
00000000   TSK_NUM_HOOKS
00000000   TSK_READYFXN
00000000   TSK_SWITCHFXN
00000000   TSK_idle$ord
00000000   TSK_idle$pri
00000000   TSK_idle$tsk
00000000   UDEV$
00000000   _CLK_TDDR
00000000   _CLK_TIMERNUM
00000000   _GBL_CACHE
00000000   _HWI_RESET
00000000   __PWRM_TIMERBASEADDR
00000000   __PWRM_TIMERINTRMASK
00000000   __PWRM_USETIMER
00000000   trace$log
00000001   BUF_ENABLED
00000001   CLK$
00000001   CLK_CALDIV
00000001   CLK_CALMULT
00000001   CLK_ENABLEHTIME
00000001   CLK_HTIMEDIV
00000001   CLK_HTIMEMULT
00000001   CLK_LTIMEDIV
00000001   CLK_USETIMER
00000001   GBL$
00000001   GBL_L2CONFIGURE
00000001   GBL_L2MODE
00000001   GBL_boot
00000001   HST_NONE
00000001   HWI$
00000001   HWI_ENABLE_EXC
00000001   HWI_NMI
00000001   ISRC$
00000001   KNL_swi$dorta
00000001   KNL_swi$sts$filtmaxmult
00000001   KNL_swi$sts$filtsummult
00000001   LCK$
00000001   LOG$
00000001   LOG_ENABLED
00000001   MEM$
00000001   MEM_gNumHeap
00000001   POOL$
00000001   POOL_USEPOOL
00000001   PRD$
00000001   PRD_SCALAR
00000001   PWRM$
00000001   PWRM_PWRM_NUMSLOTS
00000001   QUE$
00000001   SWI$
00000001   SWI_A_TABLEN
00000001   SYS$
00000001   TSK$
00000001   TSK_PRIORITY
00000001   _CLK_USETIMER
00000001   _HWI_NMI
00000001   trace$datatype
00000002   HWI_RESERVED0
00000002   KNL_swi$sts$filter
00000002   LOG_A_TABLEN
00000002   _HWI_RESERVED0
00000002   _LOG_A_TABLEN
00000003   GBL_L1PMODE
00000003   HWI_RESERVED1
00000003   _HWI_RESERVED1
00000004   EVENT4
00000004   HWI_INT4
00000004   _EVENT4
00000004   _HWI_INT4
00000005   CLK_COUNTSPMSHIGH
00000005   CLK_TIMMODE
00000005   EVENT5
00000005   HWI_INT5
00000005   _EVENT5
00000005   _HWI_INT5
00000006   EVENT6
00000006   HWI_INT6
00000006   _EVENT6
00000006   _HWI_INT6
00000007   EVENT7
00000007   GBL_L1DMODE
00000007   HWI_INT7
00000007   _EVENT7
00000007   _HWI_INT7
00000008   EVENT8
00000008   HWI_INT8
00000008   _EVENT8
00000008   _HWI_INT8
00000009   EVENT9
00000009   HWI_INT9
00000009   _EVENT9
00000009   _HWI_INT9
0000000a   EVENT10
0000000a   HWI_INT10
0000000a   PWRM_PWRM_CLKTICKSPERSLOT
0000000a   _EVENT10
0000000a   _HWI_INT10
0000000a   __PWRM_TIMERPERIOD
0000000b   EVENT11
0000000b   HWI_INT11
0000000b   _EVENT11
0000000b   _HWI_INT11
0000000c   EVENT12
0000000c   HWI_INT12
0000000c   _EVENT12
0000000c   _HWI_INT12
0000000d   EVENT13
0000000d   HWI_INT13
0000000d   _EVENT13
0000000d   _HWI_INT13
0000000e   EVENT14
0000000e   HWI_INT14
0000000e   _EVENT14
0000000e   _HWI_INT14
0000000f   EVENT15
0000000f   HWI_INT15
0000000f   _EVENT15
0000000f   _HWI_INT15
00000010   EVENT16
00000010   _EVENT16
00000011   EVENT17
00000011   _EVENT17
00000012   EVENT18
00000012   _EVENT18
00000013   EVENT19
00000013   _EVENT19
00000014   EVENT20
00000014   _EVENT20
00000015   EVENT21
00000015   _EVENT21
00000016   EVENT22
00000016   _EVENT22
00000017   EVENT23
00000017   _EVENT23
00000018   EVENT24
00000018   _EVENT24
00000019   EVENT25
00000019   _EVENT25
0000001a   EVENT26
0000001a   _EVENT26
0000001b   EVENT27
0000001b   _EVENT27
0000001c   EVENT28
0000001c   _EVENT28
0000001d   EVENT29
0000001d   _EVENT29
0000001e   EVENT30
0000001e   _EVENT30
0000001f   EVENT31
0000001f   _EVENT31
00000020   CLK_TCR
00000020   EVENT32
00000020   _EVENT32
00000020   __PWRM_TIMERINPUTCLK
00000020   trace$size
00000021   EVENT33
00000021   _EVENT33
00000022   EVENT34
00000022   _EVENT34
00000023   EVENT35
00000023   _EVENT35
00000024   EVENT36
00000024   _EVENT36
00000025   EVENT37
00000025   _EVENT37
00000026   EVENT38
00000026   _EVENT38
00000027   EVENT39
00000027   _EVENT39
00000028   EVENT40
00000028   _EVENT40
00000029   EVENT41
00000029   _EVENT41
0000002a   EVENT42
0000002a   _EVENT42
0000002b   EVENT43
0000002b   _EVENT43
0000002c   EVENT44
0000002c   _EVENT44
0000002d   EVENT45
0000002d   _EVENT45
0000002e   EVENT46
0000002e   _EVENT46
0000002f   EVENT47
0000002f   _EVENT47
00000030   EVENT48
00000030   _EVENT48
00000031   EVENT49
00000031   _EVENT49
00000032   EVENT50
00000032   _EVENT50
00000033   EVENT51
00000033   _EVENT51
00000034   EVENT52
00000034   _EVENT52
00000035   EVENT53
00000035   _EVENT53
00000036   EVENT54
00000036   _EVENT54
00000037   EVENT55
00000037   _EVENT55
00000038   EVENT56
00000038   _EVENT56
00000039   EVENT57
00000039   _EVENT57
0000003a   EVENT58
0000003a   _EVENT58
0000003b   EVENT59
0000003b   _EVENT59
0000003c   EVENT60
0000003c   _EVENT60
0000003d   EVENT61
0000003d   _EVENT61
0000003e   EVENT62
0000003e   GBL_DSPTYPE
0000003e   _EVENT62
0000003f   EVENT63
0000003f   _EVENT63
00000040   EVENT64
00000040   LOG_system$size
00000040   _EVENT64
00000041   EVENT65
00000041   _EVENT65
00000042   EVENT66
00000042   GBL_FOOTPRINT
00000042   _EVENT66
00000043   EVENT67
00000043   _EVENT67
00000044   EVENT68
00000044   _EVENT68
00000045   EVENT69
00000045   _EVENT69
00000046   EVENT70
00000046   _EVENT70
00000047   EVENT71
00000047   _EVENT71
00000048   EVENT72
00000048   _EVENT72
00000049   EVENT73
00000049   _EVENT73
0000004a   EVENT74
0000004a   _EVENT74
0000004b   EVENT75
0000004b   _EVENT75
0000004c   EVENT76
0000004c   _EVENT76
0000004d   EVENT77
0000004d   _EVENT77
0000004e   EVENT78
0000004e   _EVENT78
0000004f   EVENT79
0000004f   _EVENT79
00000050   EVENT80
00000050   _EVENT80
00000051   EVENT81
00000051   _EVENT81
00000052   EVENT82
00000052   _EVENT82
00000053   EVENT83
00000053   _EVENT83
00000054   EVENT84
00000054   _EVENT84
00000055   EVENT85
00000055   _EVENT85
00000056   EVENT86
00000056   _EVENT86
00000057   EVENT87
00000057   _EVENT87
00000058   EVENT88
00000058   _EVENT88
00000059   EVENT89
00000059   _EVENT89
0000005a   EVENT90
0000005a   _EVENT90
0000005b   EVENT91
0000005b   _EVENT91
0000005c   EVENT92
0000005c   _EVENT92
0000005d   EVENT93
0000005d   _EVENT93
0000005e   EVENT94
0000005e   _EVENT94
0000005f   EVENT95
0000005f   _EVENT95
00000060   EVENT96
00000060   _EVENT96
00000061   EVENT97
00000061   _EVENT97
00000062   EVENT98
00000062   _EVENT98
00000063   EVENT99
00000063   _EVENT99
00000064   EVENT100
00000064   PIP_OBJSIZE
00000064   _EVENT100
00000065   EVENT101
00000065   _EVENT101
00000066   EVENT102
00000066   _EVENT102
00000067   EVENT103
00000067   _EVENT103
00000068   EVENT104
00000068   _EVENT104
00000069   EVENT105
00000069   _EVENT105
0000006a   EVENT106
0000006a   _EVENT106
0000006b   EVENT107
0000006b   _EVENT107
0000006c   EVENT108
0000006c   _EVENT108
0000006d   EVENT109
0000006d   _EVENT109
0000006e   EVENT110
0000006e   _EVENT110
0000006f   EVENT111
0000006f   _EVENT111
00000070   EVENT112
00000070   _EVENT112
00000071   EVENT113
00000071   _EVENT113
00000072   EVENT114
00000072   _EVENT114
00000073   EVENT115
00000073   _EVENT115
00000074   EVENT116
00000074   _EVENT116
00000075   EVENT117
00000075   _EVENT117
00000076   EVENT118
00000076   _EVENT118
00000077   EVENT119
00000077   _EVENT119
00000078   EVENT120
00000078   _EVENT120
00000079   EVENT121
00000079   _EVENT121
0000007a   EVENT122
0000007a   _EVENT122
0000007b   EVENT123
0000007b   _EVENT123
0000007c   EVENT124
0000007c   _EVENT124
0000007d   EVENT125
0000007d   _EVENT125
0000007e   EVENT126
0000007e   _EVENT126
0000007f   EVENT127
0000007f   _EVENT127
00000080   GBL_L2MAR128_159
00000100   HST_MAXFRAMEALLOWED
000003e8   CLK_MICROSECS
00000400   HST_DSMMEMSIZE
00000400   TSK_STACKSIZE
00000408   RTDX_BUFMEMSIZE
00000d66   GBL_CLKTYPE
00001000   __STACK_SIZE
00001963   GBL_DSPSUBTYPE
00004000   CLK_INTBIT
00004000   GBL_TRCMASKVALUE
00004000   HWI_CFGDISPATCHED
00004000   _HWI_CFGDISPATCHED
00004b00   CLK_INPUTCLK
00004b00   CLK_PRD
00004b00   _CLK_PRD
00004e20   GBL_CLKIN
00005205   GBL_A_VERSION
00020000   DDR2$L
00020000   _DDR2_length
00050910   CLK_COUNTSPMS
00050910   CLK_HTIMEPERLTIME
00050910   CLK_LTIMEMULT
00050910   GBL_FREQ
00050910   _CLK_COUNTSPMS
07060504   HWI_INTRMUX1
0a0a0908   HWI_INTRMUX2
34330d0b   HWI_INTRMUX3
48002000   __PWRM_SCM_BASEADDR
48004000   __PWRM_CM_BASEADDR
48306000   __PWRM_PRM_BASEADDR
49038000   CLK_REGS
49038000   _CLK_REGS
49038000   _CLK_gptimer
5d000000   __PWRM_IVAMMU_BASEADDR
87e00080   .data
87e00080   DDR2$B
87e00080   HST_A_TABBEG
87e00080   HST_A_TABEND
87e00080   PIP_A_TABBEG
87e00080   PIP_A_TABEND
87e00080   PRD_A_TABBEG
87e00080   PRD_A_TABEND
87e00080   _DDR2_base
87e00080   _HST_A_TABBEG
87e00080   _HST_A_TABEND
87e00080   _PIP_A_TABBEG
87e00080   _PIP_A_TABEND
87e00080   ___data__
87e00080   ___edata__
87e00080   edata
87e20080   .text
87e20080   __RingIO_writerSetvAttribute
87e20080   ___text__
87e20334   __RingIO_getFirstAttr
87e20434   __RingIO_releaseAttribute
87e20518   __RingIO_writerRelease
87e208a4   __RingIO_initInstance
87e20964   __RingIO_writerFlush
87e20e68   __RingIO_updateAttributes
87e21038   __RingIO_writerCancel
87e21424   __RingIO_writerAcquire
87e21660   __RingIO_getFirstAcquiredAttr
87e21710   __RingIO_invalidateDataBuffer
87e217ec   __RingIO_readerRelease
87e21be8   __RingIO_readerGetvAttribute
87e21fb0   __RingIO_readerFlush
87e224c8   __RingIO_readerCancel
87e22674   __RingIO_getContiguousDataSize
87e22790   __RingIO_readerAcquire
87e22bc8   __RingIO_checkNotifier
87e22cac   __RingIO_callNotifier
87e22eb8   _RingIO_init
87e23038   _RingIO_exit
87e230e0   _pdf_representation_half
87e232a8   _pdf_representation0
87e23414   _assignPdfModelToBuffer
87e23488   _assignPdfModelFullToBuffer
87e23c98   _assignBufferToVariable
87e23cec   _assignBufferToTargetRegion
87e23d80   _assignBufferToKernel
87e23ec8   _Task_execute
87e2496c   _Task_delete
87e249d0   _Task_create
87e24b60   _MPCS_open
87e24bc0   _MPCS_leave
87e24cec   _MPCS_enter
87e24ee0   _MPCS_delete
87e253a4   _MPCS_create
87e258f4   _MPCS_close
87e259c0   _IPS_unregister
87e25d70   _IPS_setReserved
87e25d98   _IPS_isNotReserved
87e25dc0   _IPS_register
87e26114   _IPS_notify
87e26320   _IPS_init
87e26484   _IPS_exit
87e26538   _IPS_clearReserved
87e26700   __DSPLINK_init
87e26c04   _POOL_open
87e26ca0   _SMAPOOL_open
87e26dd8   _SMAPOOL_init
87e26df0   _SMAPOOL_free
87e26fec   _SMAPOOL_alloc
87e271e0   __divf
87e276e0   __MPCS_open
87e27954   _MPCS_init
87e27ad4   _MPCS_exit
87e27b40   __mpyf
87e27d40   _MPLIST_init
87e27ec0   _MPLIST_exit
87e27f40   _HAL_intRegister
87e28060   _HAL_intInit
87e28100   _NOTIFY_unregister
87e28154   _NOTIFY_register
87e281b4   _NOTIFY_notify
87e28220   _main
87e28320   _HAL_intWaitClear
87e28390   _HAL_intSend
87e283a0   _HAL_intEnable
87e283cc   _HAL_intDisable
87e283f8   _HAL_intClear
87e28420   _SHMDRV_init
87e28434   _SHMDRV_handshake
87e28500   __cmpd
87e285e0   __divi
87e286c0   _atoi
87e287a0   _memset
87e28880   _DSPLINK_init
87e28940   __divu
87e28ac0   _NOTIFY_init
87e28b80   _DSPLINKIPS_init
87e28c20   _DSPLINKPOOL_init
87e28cc0   __frcmpyf_div
87e28d60   __remu
87e28e00   _memcpy
87e28ea0   __cmpf
87e28f20   __fixfu
87e28fa0   __cvtfd
87e29000   __frcmpyf
87e29060   _DSPLINKDATA_init
87e290a0   _DSPLINKMQT_init
87e290e0   __fltuf
87e29120   _HAL_init
87e29148   _HAL_exit
87e29180   __nop
87e291a0   __register_lock
87e291c0   __register_unlock
87e291e0   ___etext__
87e291e0   _buf
87e291e0   etext
87e291e4   _frameCols
87e291e6   _frameRows
87e291e8   _kernelCols
87e291ea   _kernelRows
87e291ec   _sizeFrame
87e291f0   _sizeKernel
87e291f4   _sizeHalfRect
87e291f8   _pdf_model0
87e29238   _pdf_model_full
87e292f8   _pdf_size
87e29300   _kernel
87e2e0f0   _weight
87e2e0f4   _normalized_C
87e2e0f8   _target_Region
87e2e100   _bin_width
87e2e104   _iteration
87e2e108   _checkGPP
87e2e10c   _bufferBytesPerData
87e2e110   _bufferSize
87e2e114   _runningCode
87e2e118   _address_target_region_x
87e2e11c   _address_target_region_y
87e2e120   _address_target_region_width
87e2e124   _address_target_region_height
87e2e12c   __BCACHE_emifAddr
87e2e250   _KNL_queues
87e2e2f0   _KNL_dummy
87e2e328   _DSPLINKPOOL_ctrlPtr
87e2e3a8   _TSK_ATTRS
87e2e3c4   _TSK_config
87e2e3e4   _TSK_timerSem
87e2e404   _CLK_inputClock
87e2e408   _OBJ_table
87e2e440   _OBJ_segtab
87e2e45c   __TSK_mutex
87e2e484   __MEM_mutex
87e2e4b0   _SYS_exitStack
87e2e4d0   _SamplePoolParams
87e2e4d8   _pool_notify_Pools
87e2e4e8   _POOL_config
87e2e504   _EXC_status
87e2e524   _HWI_ATTRS
87e2e53c   __BCACHE_readTable
87e2e548   _MPCSXFER_BufferSize
87e2e54c   _MPCSXFER_NumIterations
87e2e550   _MPCS_ctrlPtr
87e2e554   _MPCS_csObj
87e2e558   _MPLIST_ctrlPtr
87e2e55c   _MPLIST_mpcsObj
87e2e560   _NOTIFY_ctrlPtr
87e2e564   _NOTIFY_numIps
87e2e568   _RingIO_ctrlPtr
87e2e56c   _RingIO_mpcsObj
87e2e570   __lock
87e2e574   __unlock
87e2e580   _DSPLINKDATA_ctrlPtr
87e2e588   _DSPLINKMQT_ctrlPtr
87e2e58c   _CLK_gptimer_enablemask
87e2e594   TRC_cinit
87e2e598   TRC_R_mask
87e2e598   _TRC_R_mask
87e2e59c   GBL_initdone
87e2e5a0   _EXC_nmi
87e2e5d4   _EXC_internal
87e2e880   _EXC_init
87e2e8c0   _EXC_getLastStatus
87e2e8e0   _EXC_external
87e2e914   _EXC_exceptionHandler
87e2ea90   _EXC_clearLastStatus
87e2eac0   CLK_HOOKFXN
87e2eac0   HWI_F_dispatch
87e2eac0   _HWI_F_dispatch
87e2eac0   __HWI_lat1beg
87e2ec48   __HWI_lat1end
87e2ec48   __HWI_lat2beg
87e2edb0   __HWI_lat2end2
87e2ede0   __HWI_lat3end2
87e2ee24   __HWI_lat2end1
87e2ee40   __HWI_lat3beg
87e2efa0   SWI_F_enable
87e2efa0   __SWI_lat3beg
87e2f00c   __SWI_lat3end
87e2f010   SWI_F_post
87e2f010   _SWI_post
87e2f118   __SWI_lat1beg
87e2f184   SWI_EXECFXN
87e2f184   SWI_F_exec
87e2f1ac   SWI_F_iexec
87e2f1c4   __SWI_lat1end
87e2f1c8   __SWI_lat2beg
87e2f228   __SWI_lat2end
87e2f22c   SWI_F_run
87e2f22c   SWI_RUNFXN
87e2f460   PRD_F_swi
87e2f6e4   PRD_F_tick
87e2f7e0   _TSK_create
87e2fb20   _KNL_run
87e2fd60   _SEM_pendEnterKnl
87e2ff60   _CLK_stop
87e2ffc4   _CLK_start
87e30160   _MEM_alloc
87e30340   _C62_plug
87e30340   _C64_plug
87e30348   _C62_dispatchPlug
87e30348   _C64_dispatchPlug
87e30520   _EXC_dispatch
87e306e4   _EXC_setReturnPtr
87e308cc   PRD_THOOKFXN
87e308cc   _KNL_tick
87e308e0   _MEM_free
87e30aa0   __SEM_dopost
87e30c60   CLK_F_getltime
87e30c70   CLK_F_isr
87e30dc0   CLK_F_itime
87e30dc0   _CLK_F_itime
87e30dc0   _CLK_itime
87e30ddc   __CLK_lat1beg
87e30e00   __CLK_lat1end
87e30e20   _TSK_setup
87e30fc0   _KNL_saveIsrFrame
87e3106c   _KNL_switch
87e31118   KNL_glue
87e31140   __auto_init
87e31280   _KNL_ready
87e313c0   _TSK_exit
87e31500   _BCACHE_setSize
87e31544   _BCACHE_setMar
87e31594   _BCACHE_bootInit
87e31594   _BCACHE_setCacheToSram
87e315c4   _BCACHE_getSize
87e31614   _BCACHE_getMar
87e3166c   _CLK_reconfig
87e317e4   _GBL_cacheInit64P
87e318a0   _KNL_check
87e318ec   __KNL_lat1beg
87e31968   _KNL_idle
87e31968   __KNL_lat1end
87e31990   _KNL_max
87e31a64   _TSK_startup
87e31bac   _BCACHE_wbInv
87e31bc0   _BCACHE_wb
87e31bd0   _BCACHE_inv
87e31be0   _SEM_post
87e31be0   _SEM_postBinary
87e31cc0   _KNL_exit
87e31d00   _KNL_enter
87e31d80   _KNL_start
87e31e20   _SEM_postEnterKnl
87e31ec0   _SYS_exit
87e31f60   _HWI_dispatchPlug
87e31fe0   _HWI_eventMap
87e32060   _KNL_ipost
87e320e0   _KNL_post
87e32160   _LCK_post
87e32180   _LCK_pend
87e321e0   LOG_F_event
87e321e0   _LOG_event
87e321e0   __LOG_lat1beg
87e32260   _OBJ_create
87e3232c   _BCACHE_wbInvAll
87e32340   _BCACHE_wbAll
87e32350   _BCACHE_invL1pAll
87e32360   _BCACHE_wait
87e323e0   _MEM_valloc
87e32440   _SYS_error
87e324a0   FXN_F_nop
87e324a4   FXN_F_run
87e324a4   _FXN_F_run
87e324e0   FXN_F_zero
87e324e0   _FXN_F_zero
87e32500   _HWI_disable
87e32518   _HWI_enable
87e3252c   _HWI_restore
87e32560   _OBJ_delete
87e325c0   _SEM_pend
87e32620   STS_F_delta
87e32620   _STS_delta
87e3264c   STS_F_add
87e3264c   _STS_add
87e32668   STS_F_reset
87e32668   _STS_reset
87e32680   _SWI_disable
87e326a4   _SWI_enable
87e326e0   _SYS_abort
87e32740   SYS_PUTCFXN
87e32740   _UTL_doPutc
87e327a0   _C62_disableIER
87e327a0   _C64_disableIER
87e327b8   _C62_enableIER
87e327b8   _C64_enableIER
87e327cc   _C62_clearIFR
87e327cc   _C64_clearIFR
87e327e0   _QUE_get
87e327e0   __QUE_lat1beg
87e32800   __QUE_lat1end
87e32808   _QUE_put
87e32808   __QUE_lat2beg
87e32814   __QUE_lat2end
87e32820   SYS_ABORTFXN
87e32820   _UTL_doAbort
87e32860   GBL_USERINITFXN
87e32860   GIO_CREATEFXN
87e32860   GIO_DELETEFXN
87e32860   GIO_PENDFXN
87e32860   GIO_POSTFXN
87e32860   PWRM_PWRM_SHAREDRESOURCEFXN
87e32860   PWRM_PWRM_SLOTHOOKFXN
87e32860   TSK_VCREATEFXN
87e32860   TSK_VDELETEFXN
87e32860   TSK_VEXITFXN
87e32860   _FXN_F_nop
87e32880   _GBL_getVersion
87e328a0   _HOOK_setenv
87e328c0   IDL_F_loop
87e328c0   _IDL_loop
87e328e0   _STS_set
87e32900   SYS_ERRORFXN
87e32900   _UTL_doError
87e32920   SYS_EXITFXN
87e32920   _UTL_halt
87e32940   CLK_TIMEFXN
87e32940   _CLK_gethtime
87e32960   GBL_stackbeg
87e32960   _HWI_STKTOP
87e32960   __stack
87e33958   _HWI_STKBOTTOM
87e3395f   GBL_stackend
87e33960   ___cinit__
87e33960   cinit
87e345a4   KNL_swi$sts$stsobj
87e345a4   STS_A_TABBEG
87e345a4   _STS_A_TABBEG
87e345a8   KNL_swi$sts
87e345b4   CLK_A_TABBEG
87e345b4   PRD_clock
87e345b4   STS_A_TABEND
87e345b4   _PRD_clock
87e345b4   _STS_A_TABEND
87e345b8   CLK_null
87e345bc   IDL_A_TABBEG
87e345bc   IDL_END
87e345c0   BIOS_init
87e345c0   _BIOS_init
87e3480c   BIOS_start
87e3480c   _BIOS_start
87e348a0   _POOL_init
87e349c0   _c_int00
87e34a80   _MEM_init
87e34b20   _TSK_init
87e34b80   _OBJ_init
87e34d38   __ctypes_
87e34f84   _SMAPOOL_FXNS
87e34fa5   KNL_swi$sts$maxfmt
87e34fa8   TSK_idle$stack
87e34fad   KNL_swi$sts$sumfmt
87e34fb5   KNL_swi$sts$avgfmt
87e35340   TSK_idle$stkptr
87e353a8   $bss
87e353a8   .bss
87e353a8   _HWI_dispatchTab
87e353a8   ___bss__
87e354a8   IDL_D_tabbeg
87e354ac   IDL_D_calibrate
87e354b0   IDL_D_calbeg
87e354b4   LOG_D_system
87e354b4   _LOG_D_system
87e354b8   PIP_D_tabbeg
87e354bc   PIP_D_tablen
87e354c0   CLK_R_time
87e354c4   CLK_D_timefxn
87e354c8   CLK_D_tabbeg
87e354cc   CLK_D_isrhook
87e354d0   CLK_D_idletime
87e354d4   _CLK_htimeDiv
87e354d8   _CLK_htimeMult
87e354dc   _CLK_ltimeDiv
87e354e0   _CLK_ltimeMult
87e354e4   _CLK_D_dirty
87e354e8   _CLK_D_prd
87e354ec   _CLK_D_tddr
87e354f0   _CLK_D_countspms
87e354f4   PRD_D_tick
87e354f4   _PRD_D_tick
87e354f8   PRD_D_cur
87e354fc   PRD_D_elapsed
87e35500   PRD_D_prevtim
87e35504   PRD_D_scalar
87e35508   PRD_D_swihandle
87e3550c   PRD_D_tabbeg
87e35510   PRD_D_tablen
87e35514   PRD_D_thook
87e35518   RTA_D_fromHost
87e3551c   RTA_D_toHost
87e35520   RTA_D_logval
87e35530   RTA_D_stsval
87e3553c   HST_D_chanmask
87e35540   HST_D_tabbeg
87e35544   HST_D_tabend
87e35548   _GBL_procId
87e3554c   _GBL_clkIn
87e35550   _GBL_freq
87e35554   _MEM_D_NUMSEGMENTS
87e35558   _MEM_D_memtab
87e3555c   _MEM_D_freelist
87e35560   _MEM_D_lockaddr
87e35564   _MEM_D_unlockaddr
87e35568   _SYS
87e3556c   __HOOK_knlId
87e35570   __HOOK_NUMHOOKS
87e35574   SWI_D_runaddr
87e35574   _SWI_D_runaddr
87e35574   _SWI_data
87e35578   SWI_D_execaddr
87e35578   _SWI_D_execaddr
87e3557c   SWI_D_curmask
87e3557c   _SWI_D_curmask
87e35580   SWI_D_curset
87e35580   _SWI_D_curset
87e35584   SWI_D_lock
87e35584   _SWI_D_lock
87e35588   SWI_D_curmbox
87e3558c   SWI_D_curfxn
87e3558c   _SWI_D_curfxn
87e35590   SWI_D_rdybeg
87e35590   _SWI_D_rdybeg
87e35594   SWI_D_inswi
87e35594   _SWI_D_inswi
87e35598   SWI_D_rdytab
87e35610   _KNL_wFlag
87e35614   _KNL_wList
87e35618   _KNL_alarm
87e3561c   _KNL_setpri
87e35620   _KNL_inactive
87e35624   _KNL_priority
87e35628   _KNL_set
87e3562c   _KNL_curtask
87e35630   _KNL_prevtask
87e35634   _KNL_curtime
87e35638   _KNL_swiptr
87e3563c   _KNL_curqueue
87e35640   _KNL_maxqueue
87e35644   _KNL_tswitchfxn
87e35648   _KNL_tcreatefxn
87e3564c   _KNL_tdeletefxn
87e35650   _KNL_treadyfxn
87e35654   _KNL_idlefxn
87e35658   _EXC_sysTrapTable
87e35660   _EXC_returnPtr
87e35678   HWI_D_spsave
87e35678   _HWI_D_spsave
87e35678   _HWI_data
87e35684   _HWI_D_inhwi
87e35688   HWI_D_bss
87e3568c   HWI_D_ccmask
87e35690   _EXC_exceptionHook
87e35694   _EXC_internalHook
87e35698   _EXC_externalHook
87e3569c   _EXC_nmiHook
87e356a0   _MEM_memtab
87e356ac   DDR2
87e356ac   HST_DSMBUFSEG
87e356ac   MEM_MALLOCSEG
87e356ac   MEM_SEGZERO
87e356ac   RTDX_DATAMEMSEG
87e356ac   TSK_STACKSEG
87e356ac   _DDR2
87e356b0   _TSK_nTasks
87e356b4   _TSK_pid
87e356b8   _TSK
87e356bc   _CLK_DFLTMICROSECS
87e356c0   _CLK_D_microseconds
87e356c4   _SYS_exitStackPtr
87e356c8   _SYS_exitStackTop
87e356cc   _CLK_htimePerLtime
87e356d4   _MEM
87e356d8   _POOL
87e356de   ___end__
87e356de   end
87e356f0   SYS$config
87e35700   LOG_system$buf
87e35800   HWI_A_VECS
87e35800   hwi0
87e35820   hwi1
87e35840   hwi2
87e35860   hwi3
87e35880   hwi4
87e358a0   hwi5
87e358c0   hwi6
87e358e0   hwi7
87e35900   hwi8
87e35920   hwi9
87e35940   hwi10
87e35960   hwi11
87e35980   hwi12
87e359a0   hwi13
87e359c0   hwi14
87e359e0   hwi15
87e35a00   _SYS_PUTCBEG
87e35bff   _SYS_PUTCEND
87e35c00   _DSPLINK_shmBaseAddress
87e35c08   _DSPLINK_shmBaseAddress_pad
87e35c90   TSK_idle
87e35c90   _TSK_idle
87e35ce4   IDL_A_CALBEG
87e35ce4   IDL_END$
87e35d00   trace$buf
87e35e04   LOG_A_TABBEG
87e35e04   LOG_system
87e35e04   _LOG_A_TABBEG
87e35e04   _LOG_system
87e35e1c   _trace
87e35e1c   trace
87e35e34   KNL_swi
87e35e34   LOG_A_TABEND
87e35e34   SWI_A_TABBEG
87e35e34   _KNL_swi
87e35e34   _LOG_A_TABEND
87e35e60   SWI_A_TABEND
ffffffff   CACHE_L1D
ffffffff   CACHE_L1P
ffffffff   CACHE_L2
ffffffff   DSPLINKMEM
ffffffff   ECM_EVTMASK0
ffffffff   ECM_EVTMASK1
ffffffff   ECM_EVTMASK2
ffffffff   ECM_EVTMASK3
ffffffff   IRAM
ffffffff   L1DSRAM
ffffffff   POOLMEM
ffffffff   RESET_VECTOR
ffffffff   _CACHE_L1D
ffffffff   _CACHE_L1P
ffffffff   _CACHE_L2
ffffffff   _DSPLINKMEM
ffffffff   _IRAM
ffffffff   _L1DSRAM
ffffffff   _POOLMEM
ffffffff   _RESET_VECTOR
ffffffff   ___TI_pprof_out_hndl
ffffffff   ___TI_prof_data_size
ffffffff   ___TI_prof_data_start
ffffffff   ___binit__
ffffffff   ___c_args__
ffffffff   ___pinit__
ffffffff   binit
ffffffff   pinit

[1051 symbols]
