******************************************************************************
               TMS320C6x Linker Unix v6.1.17                   
******************************************************************************
>> Linked Tue Jun  6 20:52:44 2017

OUTPUT FILE NAME:   <Debug/tracking.out>
ENTRY POINT SYMBOL: "_c_int00"  address: 87e38ae0


MEMORY CONFIGURATION

         name            origin    length      used     unused   attr    fill
----------------------  --------  ---------  --------  --------  ----  --------
  IRAM                  107f8000   00010000  00000000  00010000  RWIX
  CACHE_L2              10808000   00008000  00000000  00008000  RWIX
  CACHE_L1P             10e04000   00004000  00000000  00004000  RWIX
  L1DSRAM               10f04000   00004000  00000000  00004000  RWIX
  CACHE_L1D             10f10000   00008000  00000000  00008000  RWIX
  RESET_VECTOR          87e00000   00000080  00000000  00000080  RWIX
  DDR2                  87e00080   000fff80  00039ad1  000c64af  RWIX
  DSPLINKMEM            87f00000   00030000  00000000  00030000  RWIX
  POOLMEM               87f30000   000d0000  00000000  000d0000  RWIX


SECTION ALLOCATION MAP

 output                                  attributes/
section   page    origin      length       input sections
--------  ----  ----------  ----------   ----------------
.vers      0    00000000    00000040     COPY SECTION
                  00000000    00000040     pool_notifycfg.obj (.vers)

.pinit     0    87e00080    00000000     UNINITIALIZED

.prd       0    87e00080    00000000     UNINITIALIZED

.data      0    87e00080    00000000     UNINITIALIZED

.hst       0    87e00080    00000000     UNINITIALIZED

.pip       0    87e00080    00000000     UNINITIALIZED

.DDR2$heap 
*          0    87e00080    00020000     UNINITIALIZED
                  87e00080    00020000     --HOLE--

.text      0    87e20080    0000cb40     
                  87e20080    00004ba0     dsplinkringio.lib : _ringio.obj (.text)
                  87e24c20    000019c0     dsplink.lib : ips.obj (.text)
                  87e265e0    00001500     dsplinkmpcs.lib : mpcs.obj (.text)
                  87e27ae0    00000fc0     task.obj (.text)
                  87e28aa0    000009a0     dsplinkpool.lib : sma_pool.obj (.text)
                  87e29440    000008c0     dsplink.lib : dsplink.obj (.text)
                  87e29d00    00000740     dsplinkmpcs.lib : _mpcs.obj (.text)
                  87e2a440    00000520     dsplinknotify.lib : notify.obj (.text)
                  87e2a960    00000500     rts64plus.lib : divf.obj (.text:__divf)
                  87e2ae60    000002e0     dsplinkmplist.lib : _mplist.obj (.text)
                  87e2b140    00000200     rts64plus.lib : mpyf.obj (.text:__mpyf)
                  87e2b340    000001c0     dsplink.lib : hal_interrupt.obj (.text:DSPLINK_init)
                  87e2b500    00000180                 : hal_interrupt.obj (.text)
                  87e2b680    00000160                 : dsplinkips.obj (.text:DSPLINK_init)
                  87e2b7e0    00000160     dsp_main.obj (.text)
                  87e2b940    00000140     dsplinknotify.lib : _notify.obj (.text)
                  87e2ba80    00000120     dsplink.lib : shm_drv.obj (.text:DSPLINK_init)
                  87e2bba0    00000100                 : dsplink.obj (.text:DSPLINK_init)
                  87e2bca0    000000e0     rts64plus.lib : cmpd.obj (.text:__cmpd)
                  87e2bd80    000000e0                   : divi.obj (.text:__divi)
                  87e2be60    000000e0                   : atoi.obj (.text:_atoi)
                  87e2bf40    000000e0                   : memset.obj (.text:_memset)
                  87e2c020    000000c0     dsplinkpool.lib : dsplinkpool.obj (.text:DSPLINK_init)
                  87e2c0e0    000000c0     rts64plus.lib : divu.obj (.text:__divu)
                  87e2c1a0    000000c0     bios.a64P : tsk_stup.o64P (.text)
                  87e2c260    000000c0     dsplink.lib : failure.obj (.text)
                  87e2c320    000000a0     dsplinkdata.lib : dsplinkdata.obj (.text:DSPLINK_init)
                  87e2c3c0    000000a0     dsplinkmsg.lib : dsplinkmqt.obj (.text:DSPLINK_init)
                  87e2c460    000000a0     rts64plus.lib : frcmpyf_div.obj (.text:__frcmpyf_div)
                  87e2c500    000000a0                   : remu.obj (.text:__remu)
                  87e2c5a0    000000a0                   : memcpy64.obj (.text:_memcpy)
                  87e2c640    000000a0                   : strncpy.obj (.text:_strncpy)
                  87e2c6e0    00000080                   : cmpf.obj (.text:__cmpf)
                  87e2c760    00000080                   : fixfu.obj (.text:__fixfu)
                  87e2c7e0    00000060                   : cvtfd.obj (.text:__cvtfd)
                  87e2c840    00000060                   : frcmpyf.obj (.text:__frcmpyf)
                  87e2c8a0    00000060                   : strcpy.obj (.text:_strcpy)
                  87e2c900    00000060                   : strncmp.obj (.text:_strncmp)
                  87e2c960    00000060     dsplink.lib : shm_drv.obj (.text)
                  87e2c9c0    00000040     rts64plus.lib : fltuf.obj (.text:__fltuf)
                  87e2ca00    00000040     dsplink.lib : dsplinkips.obj (.text)
                  87e2ca40    00000040                 : hal.obj (.text)
                  87e2ca80    00000040     dsplinkdata.lib : dsplinkdata.obj (.text)
                  87e2cac0    00000040     dsplinkmsg.lib : dsplinkmqt.obj (.text)
                  87e2cb00    00000040     dsplinkpool.lib : dsplinkpool.obj (.text)
                  87e2cb40    00000020     rts64plus.lib : divf.obj (.text:___isnanf)
                  87e2cb60    00000020                   : _lock.obj (.text:__nop)
                  87e2cb80    00000020                   : _lock.obj (.text:__register_lock)
                  87e2cba0    00000020                   : _lock.obj (.text:__register_unlock)

.far       0    87e2cbc0    000053c2     UNINITIALIZED
                  87e2cbc0    00004f4c     task.obj (.far)
                  87e31b0c    00000004     bios3430.a64P : bcache_wait.o64P (.far)
                  87e31b10    00000120     dsplink.lib : ips.obj (.far)
                  87e31c30    000000d8     bios.a64P : knl.o64P (.far)
                  87e31d08    00000080     dsplinkpool.lib : dsplinkpool.obj (.far)
                  87e31d88    0000005c     bios.a64P : tsk.o64P (.far)
                  87e31de4    00000004     bios3430.a64P : clk2430_data.o64P (.far)
                  87e31de8    00000054     bios.a64P : obj_init.o64P (.far)
                  87e31e3c    00000050               : tsk_stup.o64P (.far)
                  87e31e8c    00000004     dsplink.lib : shm_drv.obj (.far)
                  87e31e90    00000020     bios.a64P : sys.o64P (.far)
                  87e31eb0    00000020     pool_notify_config.obj (.far)
                  87e31ed0    00000014     dsplink.lib : hal_interrupt.obj (.far)
                  87e31ee4    00000010     bios.a64P : exc.o64P (.far)
                  87e31ef4    00000010               : knl_tick.o64P (.far)
                  87e31f04    00000010     dsplink.lib : failure.obj (.far)
                  87e31f14    0000000c     bios.a64P : hwi_disp.o64P (.far)
                  87e31f20    0000000c               : utl_putc.o64P (.far)
                  87e31f2c    0000000c     bios3430.a64P : bcache_table.o64P (.far)
                  87e31f38    00000008     dsp_main.obj (.far)
                  87e31f40    00000008     dsplinkmpcs.lib : _mpcs.obj (.far)
                  87e31f48    00000008     dsplinkmplist.lib : _mplist.obj (.far)
                  87e31f50    00000008     dsplinknotify.lib : _notify.obj (.far)
                  87e31f58    00000008     dsplinkringio.lib : ringio.obj (.far)
                  87e31f60    00000008     rts64plus.lib : _lock.obj (.far)
                  87e31f68    00000008                   : divf.obj (.far)
                  87e31f70    00000004     dsplinkdata.lib : dsplinkdata.obj (.far)
                  87e31f74    00000004     dsplinkmpcs.lib : mpcs.obj (.far)
                  87e31f78    00000004     dsplinkmsg.lib : dsplinkmqt.obj (.far)
                  87e31f7c    00000004     pool_notifycfg.obj (.far)
                  87e31f80    00000002     dsplink.lib : dsplink.obj (.far)

.switch    0    87e31f84    00000014     
                  87e31f84    00000014     dsplinkringio.lib : _ringio.obj (.switch)

.clk       0    87e31f98    00000008     UNINITIALIZED
                  87e31f98    00000008     pool_notifycfg.obj (.clk)

.bios      0    87e31fa0    000043c0     
                  87e31fa0    00000520     bios.a64P : exc.o64P (.bios)
                  87e324c0    000004e0               : hwi_disp_asm.o64P (.bios)
                  87e329a0    000004c0               : swi.o64P (.bios)
                  87e32e60    00000380               : prd.o64P (.bios)
                  87e331e0    00000340               : tsk_crea.o64P (.bios)
                  87e33520    00000240               : knl_run.o64P (.bios)
                  87e33760    00000200               : sem_pend.o64P (.bios)
                  87e33960    00000200     bios3430.a64P : clk2430.o64P (.bios)
                  87e33b60    000001e0     bios.a64P : mem_allo.o64P (.bios:.near)
                  87e33d40    000001e0               : c62_plug.o64P (.bios)
                  87e33f20    000001e0               : exc_asm.o64P (.bios)
                  87e34100    000001e0               : knl_tick.o64P (.bios)
                  87e342e0    000001c0               : mem_free.o64P (.bios:.near)
                  87e344a0    000001c0               : sem_dopo.o64P (.bios)
                  87e34660    000001c0     bios3430.a64P : clk.o64P (.bios)
                  87e34820    000001a0     bios.a64P : tsk_setu.o64P (.bios)
                  87e349c0    00000180               : knl_swit.o64P (.bios)
                  87e34b40    00000140               : autoinit.o64P (.bios)
                  87e34c80    00000140               : knl_read.o64P (.bios)
                  87e34dc0    00000140               : tsk_exit.o64P (.bios)
                  87e34f00    00000140     bios3430.a64P : bcache_init.o64P (.bios)
                  87e35040    00000140                   : clk2430_reconfig.o64P (.bios)
                  87e35180    00000120     bios.a64P : gbl_cacheinit64P.o64P (.bios)
                  87e352a0    00000120               : knl_chec.o64P (.bios)
                  87e353c0    00000120               : tsk_stup.o64P (.bios)
                  87e354e0    00000100     bios3430.a64P : bcache_block.o64P (.bios)
                  87e355e0    000000e0     bios.a64P : sem_post_asm.o64P (.bios)
                  87e356c0    000000c0               : knl_exit.o64P (.bios)
                  87e35780    000000a0               : knl_star.o64P (.bios)
                  87e35820    000000a0               : sem_post.o64P (.bios)
                  87e358c0    000000a0               : sys_exit.o64P (.bios)
                  87e35960    00000080               : hwi_disp.o64P (.bios)
                  87e359e0    00000080               : hwi_eventmap64P.o64P (.bios)
                  87e35a60    00000080               : knl_ipos.o64P (.bios)
                  87e35ae0    00000080               : knl_post.o64P (.bios)
                  87e35b60    00000080               : lck.o64P (.bios)
                  87e35be0    00000080               : log.o64P (.bios)
                  87e35c60    00000080               : obj_crea.o64P (.bios)
                  87e35ce0    00000080     bios3430.a64P : bcache_all.o64P (.bios)
                  87e35d60    00000080                   : bcache_wait.o64P (.bios)
                  87e35de0    00000060     bios.a64P : mem_vall.o64P (.bios:.near)
                  87e35e40    00000060               : sys_erro.o64P (.bios:.near)
                  87e35ea0    00000060               : fxn.o64P (.bios)
                  87e35f00    00000060               : hwi_c.o64P (.bios)
                  87e35f60    00000060               : obj_dele.o64P (.bios)
                  87e35fc0    00000060               : sem_pend_counting.o64P (.bios)
                  87e36020    00000060               : sts.o64P (.bios)
                  87e36080    00000060               : swi_disable.o64P (.bios)
                  87e360e0    00000060               : sys_abor.o64P (.bios)
                  87e36140    00000060               : utl_putc.o64P (.bios)
                  87e361a0    00000040               : c62_c.o64P (.bios)
                  87e361e0    00000040               : que_get.o64P (.bios)
                  87e36220    00000040               : utl_doab.o64P (.bios)
                  87e36260    00000020               : fxn_c.o64P (.bios)
                  87e36280    00000020               : gbl_vers.o64P (.bios)
                  87e362a0    00000020               : hook_setenv.o64P (.bios)
                  87e362c0    00000020               : idl.o64P (.bios)
                  87e362e0    00000020               : sts_set.o64P (.bios)
                  87e36300    00000020               : utl_doer.o64P (.bios)
                  87e36320    00000020               : utl_halt.o64P (.bios)
                  87e36340    00000020     bios3430.a64P : clk2430_gethtime.o64P (.bios)

.stack     0    87e36360    00001000     UNINITIALIZED
                  87e36360    00001000     --HOLE--

.cinit     0    87e37360    00000c54     
                  87e37360    0000030c     pool_notifycfg.obj (.cinit)
                  87e3766c    00000004     --HOLE-- [fill = 0]
                  87e37670    0000026c     bios.a64P : biosdata.o64P (.cinit)
                  87e378dc    00000004     --HOLE-- [fill = 0]
                  87e378e0    000001a4               : knl.o64P (.cinit)
                  87e37a84    00000004     --HOLE-- [fill = 0]
                  87e37a88    000000b0               : swi.o64P (.cinit)
                  87e37b38    000000ac     task.obj (.cinit)
                  87e37be4    00000004     --HOLE-- [fill = 0]
                  87e37be8    00000070     bios.a64P : tsk.o64P (.cinit)
                  87e37c58    00000060               : tsk_stup.o64P (.cinit)
                  87e37cb8    0000003c               : exc.o64P (.cinit)
                  87e37cf4    00000004     --HOLE-- [fill = 0]
                  87e37cf8    00000038     pool_notify_config.obj (.cinit)
                  87e37d30    00000034     bios.a64P : hwi.o64P (.cinit)
                  87e37d64    00000004     --HOLE-- [fill = 0]
                  87e37d68    0000002c               : utl_putc.o64P (.cinit)
                  87e37d94    00000004     --HOLE-- [fill = 0]
                  87e37d98    00000028     dsplink.lib : ips.obj (.cinit)
                  87e37dc0    00000024     bios.a64P : obj_init.o64P (.cinit)
                  87e37de4    00000004     --HOLE-- [fill = 0]
                  87e37de8    0000001c               : exc_asm.o64P (.cinit)
                  87e37e04    00000004     --HOLE-- [fill = 0]
                  87e37e08    0000001c               : sys.o64P (.cinit)
                  87e37e24    00000004     --HOLE-- [fill = 0]
                  87e37e28    0000001c     dsplinkmpcs.lib : _mpcs.obj (.cinit)
                  87e37e44    00000004     --HOLE-- [fill = 0]
                  87e37e48    0000001c     dsplinkmplist.lib : _mplist.obj (.cinit)
                  87e37e64    00000004     --HOLE-- [fill = 0]
                  87e37e68    0000001c     dsplinknotify.lib : _notify.obj (.cinit)
                  87e37e84    00000004     --HOLE-- [fill = 0]
                  87e37e88    0000001c     dsplinkringio.lib : ringio.obj (.cinit)
                  87e37ea4    00000004     --HOLE-- [fill = 0]
                  87e37ea8    0000001c     rts64plus.lib : _lock.obj (.cinit)
                  87e37ec4    00000004     --HOLE-- [fill = 0]
                  87e37ec8    00000018     bios.a64P : knl_tick.o64P (.cinit)
                  87e37ee0    00000014               : hwi_disp.o64P (.cinit)
                  87e37ef4    00000004     --HOLE-- [fill = 0]
                  87e37ef8    00000014     bios3430.a64P : bcache_table.o64P (.cinit)
                  87e37f0c    00000004     --HOLE-- [fill = 0]
                  87e37f10    00000010     rts64plus.lib : divf.obj (.cinit)
                  87e37f20    0000000c     bios.a64P : knl_star.o64P (.cinit)
                  87e37f2c    00000004     --HOLE-- [fill = 0]
                  87e37f30    0000000c               : knl_swit.o64P (.cinit)
                  87e37f3c    00000004     --HOLE-- [fill = 0]
                  87e37f40    0000000c               : pool.o64P (.cinit)
                  87e37f4c    00000004     --HOLE-- [fill = 0]
                  87e37f50    0000000c     bios3430.a64P : bcache_wait.o64P (.cinit)
                  87e37f5c    00000004     --HOLE-- [fill = 0]
                  87e37f60    0000000c     dsplink.lib : failure.obj (.cinit)
                  87e37f6c    00000004     --HOLE-- [fill = 0]
                  87e37f70    0000000c                 : shm_drv.obj (.cinit)
                  87e37f7c    00000004     --HOLE-- [fill = 0]
                  87e37f80    0000000c     dsplinkmsg.lib : dsplinkmqt.obj (.cinit)
                  87e37f8c    00000004     --HOLE-- [fill = 0]
                  87e37f90    0000000a     bios.a64P : pool_init.o64P (.cinit)
                  87e37f9a    00000006     --HOLE-- [fill = 0]
                  87e37fa0    0000000a     dsplink.lib : dsplink.obj (.cinit)
                  87e37faa    00000006     --HOLE-- [fill = 0]
                  87e37fb0    00000004     (.pad.cinit) [fill = 0]

.idl       0    87e37fb4    00000004     UNINITIALIZED
                  87e37fb4    00000004     pool_notifycfg.obj (.idl)

.const     0    87e37fb8    000006ed     
                  87e37fb8    00000193     bios.a64P : exc.o64P (.const)
                  87e3814b    00000004               : mem_allo.o64P (.const)
                  87e3814f    00000001     --HOLE-- [fill = 0]
                  87e38150    00000101     rts64plus.lib : ctype.obj (.const:__ctypes_)
                  87e38251    00000003     --HOLE-- [fill = 0]
                  87e38254    00000050     dsplinkpool.lib : sma_pool.obj (.const:.string)
                  87e382a4    0000004e     bios.a64P : pool_init.o64P (.const)
                  87e382f2    0000004e               : tsk_stup.o64P (.const)
                  87e38340    0000004c     dsplinkringio.lib : _ringio.obj (.const:.string)
                  87e3838c    00000044     dsplinkmpcs.lib : _mpcs.obj (.const:.string)
                  87e383d0    00000040                     : mpcs.obj (.const:.string)
                  87e38410    0000003c     dsplink.lib : dsplink.obj (.const:.string)
                  87e3844c    0000003c                 : shm_drv.obj (.const:.string)
                  87e38488    00000038                 : dsplinkips.obj (.const:.string)
                  87e384c0    00000038                 : ips.obj (.const:.string)
                  87e384f8    00000038     dsplinkdata.lib : dsplinkdata.obj (.const:.string)
                  87e38530    00000038     dsplinkmsg.lib : dsplinkmqt.obj (.const:.string)
                  87e38568    00000034     dsplinknotify.lib : _notify.obj (.const:.string)
                  87e3859c    00000034                       : notify.obj (.const:.string)
                  87e385d0    00000034     dsplinkringio.lib : ringio.obj (.const:.string)
                  87e38604    00000028     dsplink.lib : failure.obj (.const:.string)
                  87e3862c    00000023     bios.a64P : utl_doab.o64P (.const)
                  87e3864f    00000022               : utl_doer.o64P (.const)
                  87e38671    00000003     --HOLE-- [fill = 0]
                  87e38674    0000001c     dsplinkmplist.lib : _mplist.obj (.const:.string)
                  87e38690    00000010     dsplinkpool.lib : sma_pool.obj (.const)
                  87e386a0    00000004     bios.a64P : mem_free.o64P (.const)
                  87e386a4    00000001               : tsk.o64P (.const)

.printf    0    87e386a5    0000001a     COPY SECTION
                  87e386a5    0000001a     pool_notifycfg.obj (.printf)

.sts       0    87e386a8    00000010     
                  87e386a8    00000010     pool_notifycfg.obj (.sts)

.idlcal    0    87e386b8    00000004     UNINITIALIZED
                  87e386b8    00000004     pool_notifycfg.obj (.idlcal)

.mem       0    87e386bc    00000004     UNINITIALIZED
                  87e386bc    00000004     pool_notifycfg.obj (.mem)

.sysinit   0    87e386c0    00000600     
                  87e386c0    00000300     pool_notifycfg.obj (.sysinit)
                  87e389c0    00000120     bios.a64P : pool_init.o64P (.sysinit)
                  87e38ae0    000000c0               : boot.o64P (.sysinit)
                  87e38ba0    000000a0               : mem_init.o64P (.sysinit)
                  87e38c40    00000060               : tsk_init.o64P (.sysinit)
                  87e38ca0    00000020               : obj_init.o64P (.sysinit)

.TSK_idle$stk 
*          0    87e38cc0    00000400     UNINITIALIZED
                  87e38cc0    00000400     pool_notifycfg.obj (.TSK_idle$stk)

.bss       0    87e390c0    00000336     UNINITIALIZED
                  87e390c0    00000100     bios.a64P : hwi_disp_asm.o64P (.bss)
                  87e391c0    000000cc               : biosdata.o64P (.bss)
                  87e3928c    0000009c               : swi.o64P (.bss)
                  87e39328    00000048               : knl.o64P (.bss)
                  87e39370    00000020               : exc_asm.o64P (.bss)
                  87e39390    00000018               : hwi.o64P (.bss)
                  87e393a8    00000010               : exc.o64P (.bss)
                  87e393b8    00000010     pool_notifycfg.obj (.bss)
                  87e393c8    0000000c     bios.a64P : tsk.o64P (.bss)
                  87e393d4    00000008               : clk_data.o64P (.bss)
                  87e393dc    00000008               : sys.o64P (.bss)
                  87e393e4    00000004               : clk_data2.o64P (.bss)
                  87e393e8    00000004               : knl_star.o64P (.bss)
                  87e393ec    00000004               : mem_asm.o64P (.bss)
                  87e393f0    00000004               : pool.o64P (.bss)
                  87e393f4    00000002               : pool_init.o64P (.bss)

.hwi_vec   0    87e39400    00000200     
                  87e39400    00000200     pool_notifycfg.obj (.hwi_vec)

.trace     0    87e39600    00000200     
                  87e39600    00000200     --HOLE-- [fill = 00000000]

.LOG_system$buf 
*          0    87e39800    00000100     UNINITIALIZED
                  87e39800    00000100     pool_notifycfg.obj (.LOG_system$buf)

.data:DSPLINK_shmBaseAddress 
*          0    87e39900    00000084     
                  87e39900    00000084     dsplink.lib : dsplink.obj (.data:DSPLINK_shmBaseAddress) [fill = c3f05000]

.tsk       0    87e39984    00000060     UNINITIALIZED
                  87e39984    00000060     pool_notifycfg.obj (.tsk)

.sys       0    87e399e4    00000010     UNINITIALIZED
                  87e399e4    00000010     pool_notifycfg.obj (.sys)

.trcdata   0    87e399f4    0000000c     
                  87e399f4    0000000c     bios.a64P : trc.o64P (.trcdata)

.trace$buf 
*          0    87e39a00    00000080     UNINITIALIZED
                  87e39a00    00000080     pool_notifycfg.obj (.trace$buf)

.args      0    87e39a80    00000050     
                  87e39a80    00000050     --HOLE-- [fill = 0]

.gblinit   0    87e39ad0    00000034     
                  87e39ad0    00000034     pool_notifycfg.obj (.gblinit)

.log       0    87e39b04    00000030     
                  87e39b04    00000030     pool_notifycfg.obj (.log)

.swi       0    87e39b34    0000002c     UNINITIALIZED
                  87e39b34    0000002c     pool_notifycfg.obj (.swi)


GLOBAL SYMBOLS: SORTED ALPHABETICALLY BY Name 

address    name
--------   ----
87e390c0   $bss
87e390c0   .bss
87e00080   .data
87e20080   .text
87e386c0   BIOS_init
87e38928   BIOS_start
00000000   BUF$
00000001   BUF_ENABLED
ffffffff   CACHE_L1D
ffffffff   CACHE_L1P
ffffffff   CACHE_L2
00000001   CLK$
87e31f98   CLK_A_TABBEG
00000001   CLK_CALDIV
00000001   CLK_CALMULT
00050910   CLK_COUNTSPMS
00000005   CLK_COUNTSPMSHIGH
87e391e8   CLK_D_idletime
87e391e4   CLK_D_isrhook
87e391e0   CLK_D_tabbeg
87e391dc   CLK_D_timefxn
00000001   CLK_ENABLEHTIME
87e34660   CLK_F_getltime
87e34670   CLK_F_isr
87e347c0   CLK_F_itime
87e324c0   CLK_HOOKFXN
00000001   CLK_HTIMEDIV
00000001   CLK_HTIMEMULT
00050910   CLK_HTIMEPERLTIME
00004b00   CLK_INPUTCLK
00004000   CLK_INTBIT
00000001   CLK_LTIMEDIV
00050910   CLK_LTIMEMULT
000003e8   CLK_MICROSECS
00004b00   CLK_PRD
00000000   CLK_PRDHIGH
49038000   CLK_REGS
00000000   CLK_RESETTIMER
87e391d8   CLK_R_time
00000020   CLK_TCR
00000000   CLK_TDDR
00000000   CLK_TDDRHIGH
87e36340   CLK_TIMEFXN
00000000   CLK_TIMERNUM
00000005   CLK_TIMMODE
00000001   CLK_USETIMER
87e31f9c   CLK_null
87e393c4   DDR2
87e00080   DDR2$B
00020000   DDR2$L
00000000   DEV$
00000000   DGN$
00000000   DHL$
00000000   DHL_gChannelsAvailable
00000000   DIO$
00000000   DIO_NUMSWIBASE
00000000   DIO_NUMTSKBASE
00000000   DIO_STATIC
00000000   DPI$
ffffffff   DSPLINKMEM
00000000   ECM$
00000000   ECM_ENABLE
ffffffff   ECM_EVTMASK0
ffffffff   ECM_EVTMASK1
ffffffff   ECM_EVTMASK2
ffffffff   ECM_EVTMASK3
0000000a   EVENT10
00000064   EVENT100
00000065   EVENT101
00000066   EVENT102
00000067   EVENT103
00000068   EVENT104
00000069   EVENT105
0000006a   EVENT106
0000006b   EVENT107
0000006c   EVENT108
0000006d   EVENT109
0000000b   EVENT11
0000006e   EVENT110
0000006f   EVENT111
00000070   EVENT112
00000071   EVENT113
00000072   EVENT114
00000073   EVENT115
00000074   EVENT116
00000075   EVENT117
00000076   EVENT118
00000077   EVENT119
0000000c   EVENT12
00000078   EVENT120
00000079   EVENT121
0000007a   EVENT122
0000007b   EVENT123
0000007c   EVENT124
0000007d   EVENT125
0000007e   EVENT126
0000007f   EVENT127
0000000d   EVENT13
0000000e   EVENT14
0000000f   EVENT15
00000010   EVENT16
00000011   EVENT17
00000012   EVENT18
00000013   EVENT19
00000014   EVENT20
00000015   EVENT21
00000016   EVENT22
00000017   EVENT23
00000018   EVENT24
00000019   EVENT25
0000001a   EVENT26
0000001b   EVENT27
0000001c   EVENT28
0000001d   EVENT29
0000001e   EVENT30
0000001f   EVENT31
00000020   EVENT32
00000021   EVENT33
00000022   EVENT34
00000023   EVENT35
00000024   EVENT36
00000025   EVENT37
00000026   EVENT38
00000027   EVENT39
00000004   EVENT4
00000028   EVENT40
00000029   EVENT41
0000002a   EVENT42
0000002b   EVENT43
0000002c   EVENT44
0000002d   EVENT45
0000002e   EVENT46
0000002f   EVENT47
00000030   EVENT48
00000031   EVENT49
00000005   EVENT5
00000032   EVENT50
00000033   EVENT51
00000034   EVENT52
00000035   EVENT53
00000036   EVENT54
00000037   EVENT55
00000038   EVENT56
00000039   EVENT57
0000003a   EVENT58
0000003b   EVENT59
00000006   EVENT6
0000003c   EVENT60
0000003d   EVENT61
0000003e   EVENT62
0000003f   EVENT63
00000040   EVENT64
00000041   EVENT65
00000042   EVENT66
00000043   EVENT67
00000044   EVENT68
00000045   EVENT69
00000007   EVENT7
00000046   EVENT70
00000047   EVENT71
00000048   EVENT72
00000049   EVENT73
0000004a   EVENT74
0000004b   EVENT75
0000004c   EVENT76
0000004d   EVENT77
0000004e   EVENT78
0000004f   EVENT79
00000008   EVENT8
00000050   EVENT80
00000051   EVENT81
00000052   EVENT82
00000053   EVENT83
00000054   EVENT84
00000055   EVENT85
00000056   EVENT86
00000057   EVENT87
00000058   EVENT88
00000059   EVENT89
00000009   EVENT9
0000005a   EVENT90
0000005b   EVENT91
0000005c   EVENT92
0000005d   EVENT93
0000005e   EVENT94
0000005f   EVENT95
00000060   EVENT96
00000061   EVENT97
00000062   EVENT98
00000063   EVENT99
87e35ea0   FXN_F_nop
87e35ea4   FXN_F_run
87e35ee0   FXN_F_zero
00000001   GBL$
00005205   GBL_A_VERSION
00000000   GBL_BCACHEREADADDR0
00000000   GBL_BCACHEREADADDR1
00000000   GBL_BCACHEREADADDR2
00000000   GBL_BIGENDIAN
00000000   GBL_CACHE
00000000   GBL_CALLCSLCFGINIT
00004e20   GBL_CLKIN
00000d66   GBL_CLKTYPE
00001963   GBL_DSPSUBTYPE
0000003e   GBL_DSPTYPE
00000000   GBL_ENABLEINST
00000000   GBL_ENABLE_SK
00000042   GBL_FOOTPRINT
00050910   GBL_FREQ
00000000   GBL_GEMTRUECOMPEN
00000007   GBL_L1DMODE
00000003   GBL_L1PMODE
00000001   GBL_L2CONFIGURE
00000000   GBL_L2MAR0_31
00000080   GBL_L2MAR128_159
00000000   GBL_L2MAR160_191
00000000   GBL_L2MAR192_223
00000000   GBL_L2MAR224_255
00000000   GBL_L2MAR32_63
00000000   GBL_L2MAR64_95
00000000   GBL_L2MAR96_127
00000001   GBL_L2MODE
00000000   GBL_NULL
00000000   GBL_PROCID
00000000   GBL_ROM
00000000   GBL_SUPPORTCSL
00004000   GBL_TRCMASKVALUE
00000000   GBL_USERINIT
87e36260   GBL_USERINITFXN
00000001   GBL_boot
87e399fc   GBL_initdone
87e36360   GBL_stackbeg
87e3735f   GBL_stackend
00000000   GIO$
87e36260   GIO_CREATEFXN
87e36260   GIO_DELETEFXN
87e36260   GIO_PENDFXN
87e36260   GIO_POSTFXN
00000000   HOOK$
00000000   HOOK_KNLID
00000000   HST$
87e00080   HST_A_TABBEG
87e00080   HST_A_TABEND
00000000   HST_DSM
87e393c4   HST_DSMBUFSEG
00000400   HST_DSMMEMSIZE
87e39254   HST_D_chanmask
87e39258   HST_D_tabbeg
87e3925c   HST_D_tabend
00000100   HST_MAXFRAMEALLOWED
00000000   HST_MAXFRAMESET
00000001   HST_NONE
00000000   HST_RTDX
00000001   HWI$
87e39400   HWI_A_VECS
00004000   HWI_CFGDISPATCHED
87e393a0   HWI_D_bss
87e393a4   HWI_D_ccmask
87e39390   HWI_D_spsave
00000001   HWI_ENABLE_EXC
87e324c0   HWI_F_dispatch
00000000   HWI_GENERATE_RESET_VEC
0000000a   HWI_INT10
00000000   HWI_INT10$hwi
0000000b   HWI_INT11
00000000   HWI_INT11$hwi
0000000c   HWI_INT12
00000000   HWI_INT12$hwi
0000000d   HWI_INT13
00000000   HWI_INT13$hwi
0000000e   HWI_INT14
00000000   HWI_INT14$hwi
0000000f   HWI_INT15
00000000   HWI_INT15$hwi
00000004   HWI_INT4
00000000   HWI_INT4$hwi
00000005   HWI_INT5
00000000   HWI_INT5$hwi
00000006   HWI_INT6
00000000   HWI_INT6$hwi
00000007   HWI_INT7
00000000   HWI_INT7$hwi
00000008   HWI_INT8
00000000   HWI_INT8$hwi
00000009   HWI_INT9
00000000   HWI_INT9$hwi
07060504   HWI_INTRMUX1
0a0a0908   HWI_INTRMUX2
34330d0b   HWI_INTRMUX3
00000001   HWI_NMI
00000000   HWI_NMI$hwi
00000000   HWI_POLARITYMASK
00000002   HWI_RESERVED0
00000000   HWI_RESERVED0$hwi
00000003   HWI_RESERVED1
00000000   HWI_RESERVED1$hwi
00000000   HWI_RESET
00000000   HWI_RESET$hwi
00000000   HWI_ZEROTAB
00000000   IDL$
87e386b8   IDL_A_CALBEG
87e37fb4   IDL_A_TABBEG
00000000   IDL_CALIBRERROR
00000000   IDL_CALIBRFXN
87e391c8   IDL_D_calbeg
87e391c4   IDL_D_calibrate
87e391c0   IDL_D_tabbeg
87e37fb4   IDL_END
87e386b8   IDL_END$
87e362c0   IDL_F_loop
00000000   IDL_USECLKIDLTIME
ffffffff   IRAM
00000001   ISRC$
87e34b18   KNL_glue
87e39b34   KNL_swi
00000001   KNL_swi$dorta
00000000   KNL_swi$ord
00000000   KNL_swi$pri
87e386ac   KNL_swi$sts
87e386b5   KNL_swi$sts$avgfmt
00000002   KNL_swi$sts$filter
00000001   KNL_swi$sts$filtmaxmult
00000001   KNL_swi$sts$filtsummult
87e386a5   KNL_swi$sts$maxfmt
87e386a8   KNL_swi$sts$stsobj
87e386ad   KNL_swi$sts$sumfmt
00000000   KNL_swi$sts$unittype
00000000   KNL_swi$swi
ffffffff   L1DSRAM
00000001   LCK$
00000001   LOG$
87e39b04   LOG_A_TABBEG
87e39b34   LOG_A_TABEND
00000002   LOG_A_TABLEN
87e391cc   LOG_D_system
00000001   LOG_ENABLED
87e35be0   LOG_F_event
87e39b04   LOG_system
87e39800   LOG_system$buf
00000000   LOG_system$datatype
00000000   LOG_system$log
00000040   LOG_system$size
00000000   MBX$
00000001   MEM$
87e393c4   MEM_MALLOCSEG
00000000   MEM_NULL
87e393c4   MEM_SEGZERO
00000000   MEM_USEMPC
00000001   MEM_gNumHeap
00000000   MSGQ$
00000000   MSGQ_USEMSGQ
00000000   OBJ$
00000000   PIP$
87e00080   PIP_A_TABBEG
87e00080   PIP_A_TABEND
00000000   PIP_A_TABLEN
87e391d0   PIP_D_tabbeg
87e391d4   PIP_D_tablen
00000064   PIP_OBJSIZE
00000000   PIP_gNextId
00000000   PIP_gNumEmbed
00000001   POOL$
ffffffff   POOLMEM
00000001   POOL_USEPOOL
00000001   PRD$
87e00080   PRD_A_TABBEG
87e00080   PRD_A_TABEND
00000000   PRD_A_TABLEN
87e39210   PRD_D_cur
87e39214   PRD_D_elapsed
87e39218   PRD_D_prevtim
87e3921c   PRD_D_scalar
87e39220   PRD_D_swihandle
87e39224   PRD_D_tabbeg
87e39228   PRD_D_tablen
87e3922c   PRD_D_thook
87e3920c   PRD_D_tick
87e32e60   PRD_F_swi
87e330e4   PRD_F_tick
00000001   PRD_SCALAR
00000000   PRD_SWIHANDLE
87e342cc   PRD_THOOKFXN
87e31f98   PRD_clock
00000001   PWRM$
00000000   PWRM_PWRM_CAPSMASK
0000000a   PWRM_PWRM_CLKTICKSPERSLOT
00000000   PWRM_PWRM_ENABLE
00000000   PWRM_PWRM_LOADENABLE
00000001   PWRM_PWRM_NUMSLOTS
00000000   PWRM_PWRM_RESOURCETRACKING
00000000   PWRM_PWRM_SCALING
87e36260   PWRM_PWRM_SHAREDRESOURCEFXN
87e36260   PWRM_PWRM_SLOTHOOKFXN
00000000   PWRM_PWRM_TIMERIDNUM
00000000   PWRM_PWRM_TIMERINTRMASK
00000000   PWRM_PWRM_TIMERWUGENMASK
00000000   PWRM_PWRM_USERRESOURCES
00000000   PWRM_PWRM_USETIMER
00000001   QUE$
ffffffff   RESET_VECTOR
87e39230   RTA_D_fromHost
87e39238   RTA_D_logval
87e39248   RTA_D_stsval
87e39234   RTA_D_toHost
00000000   RTDX$
00000408   RTDX_BUFMEMSIZE
87e393c4   RTDX_DATAMEMSEG
00000000   RTDX_MODE
00000000   RTDX_USERTDX
00000000   RTDX_USERTEXECUTION
00000000   SEM$
00000000   SIO$
00000000   STS$
87e386a8   STS_A_TABBEG
87e386b8   STS_A_TABEND
87e3604c   STS_F_add
87e36020   STS_F_delta
87e36068   STS_F_reset
00000001   SWI$
87e39b34   SWI_A_TABBEG
87e39b60   SWI_A_TABEND
00000001   SWI_A_TABLEN
87e392a4   SWI_D_curfxn
87e39294   SWI_D_curmask
87e392a0   SWI_D_curmbox
87e39298   SWI_D_curset
87e39290   SWI_D_execaddr
87e392ac   SWI_D_inswi
87e3929c   SWI_D_lock
87e392a8   SWI_D_rdybeg
87e392b0   SWI_D_rdytab
87e3928c   SWI_D_runaddr
00000000   SWI_EHOOKFXN
87e32b84   SWI_EXECFXN
87e329a0   SWI_F_enable
87e32b84   SWI_F_exec
87e32bac   SWI_F_iexec
87e32a10   SWI_F_post
87e32c2c   SWI_F_run
00000000   SWI_IHOOKFXN
87e32c2c   SWI_RUNFXN
00000001   SYS$
87e399e4   SYS$config
87e36220   SYS_ABORTFXN
87e36300   SYS_ERRORFXN
87e36320   SYS_EXITFXN
87e36140   SYS_PUTCFXN
87e399f8   TRC_R_mask
87e399f4   TRC_cinit
00000001   TSK$
00000000   TSK_NUM_HOOKS
00000001   TSK_PRIORITY
00000000   TSK_READYFXN
87e393c4   TSK_STACKSEG
00000400   TSK_STACKSIZE
00000000   TSK_SWITCHFXN
87e36260   TSK_VCREATEFXN
87e36260   TSK_VDELETEFXN
87e36260   TSK_VEXITFXN
87e39990   TSK_idle
00000000   TSK_idle$ord
00000000   TSK_idle$pri
87e38cc0   TSK_idle$stack
87e39058   TSK_idle$stkptr
00000000   TSK_idle$tsk
00000000   UDEV$
87e34f94   _BCACHE_bootInit
87e35014   _BCACHE_getMar
87e34fc4   _BCACHE_getSize
87e355d0   _BCACHE_inv
87e35d50   _BCACHE_invL1pAll
87e34f94   _BCACHE_setCacheToSram
87e34f44   _BCACHE_setMar
87e34f00   _BCACHE_setSize
87e35d60   _BCACHE_wait
87e355c0   _BCACHE_wb
87e35d40   _BCACHE_wbAll
87e355ac   _BCACHE_wbInv
87e35d2c   _BCACHE_wbInvAll
87e386c0   _BIOS_init
87e38928   _BIOS_start
87e361cc   _C62_clearIFR
87e361a0   _C62_disableIER
87e33d48   _C62_dispatchPlug
87e361b8   _C62_enableIER
87e33d40   _C62_plug
87e361cc   _C64_clearIFR
87e361a0   _C64_disableIER
87e33d48   _C64_dispatchPlug
87e361b8   _C64_enableIER
87e33d40   _C64_plug
ffffffff   _CACHE_L1D
ffffffff   _CACHE_L1P
ffffffff   _CACHE_L2
00050910   _CLK_COUNTSPMS
87e393d4   _CLK_DFLTMICROSECS
87e39208   _CLK_D_countspms
87e391fc   _CLK_D_dirty
87e393d8   _CLK_D_microseconds
87e39200   _CLK_D_prd
87e39204   _CLK_D_tddr
87e347c0   _CLK_F_itime
00004b00   _CLK_PRD
49038000   _CLK_REGS
00000000   _CLK_TDDR
00000000   _CLK_TIMERNUM
00000001   _CLK_USETIMER
87e36340   _CLK_gethtime
49038000   _CLK_gptimer
87e31f7c   _CLK_gptimer_enablemask
87e391ec   _CLK_htimeDiv
87e391f0   _CLK_htimeMult
87e393e4   _CLK_htimePerLtime
87e31de4   _CLK_inputClock
87e347c0   _CLK_itime
87e391f4   _CLK_ltimeDiv
87e391f8   _CLK_ltimeMult
87e3506c   _CLK_reconfig
87e339c4   _CLK_start
87e33960   _CLK_stop
87e393c4   _DDR2
87e00080   _DDR2_base
00020000   _DDR2_length
87e31f70   _DSPLINKDATA_ctrlPtr
87e2c320   _DSPLINKDATA_init
87e2b680   _DSPLINKIPS_init
ffffffff   _DSPLINKMEM
87e31f78   _DSPLINKMQT_ctrlPtr
87e2c3c0   _DSPLINKMQT_init
87e31d08   _DSPLINKPOOL_ctrlPtr
87e2c020   _DSPLINKPOOL_init
87e2bba0   _DSPLINK_init
87e39900   _DSPLINK_shmBaseAddress
87e39908   _DSPLINK_shmBaseAddress_pad
0000000a   _EVENT10
00000064   _EVENT100
00000065   _EVENT101
00000066   _EVENT102
00000067   _EVENT103
00000068   _EVENT104
00000069   _EVENT105
0000006a   _EVENT106
0000006b   _EVENT107
0000006c   _EVENT108
0000006d   _EVENT109
0000000b   _EVENT11
0000006e   _EVENT110
0000006f   _EVENT111
00000070   _EVENT112
00000071   _EVENT113
00000072   _EVENT114
00000073   _EVENT115
00000074   _EVENT116
00000075   _EVENT117
00000076   _EVENT118
00000077   _EVENT119
0000000c   _EVENT12
00000078   _EVENT120
00000079   _EVENT121
0000007a   _EVENT122
0000007b   _EVENT123
0000007c   _EVENT124
0000007d   _EVENT125
0000007e   _EVENT126
0000007f   _EVENT127
0000000d   _EVENT13
0000000e   _EVENT14
0000000f   _EVENT15
00000010   _EVENT16
00000011   _EVENT17
00000012   _EVENT18
00000013   _EVENT19
00000014   _EVENT20
00000015   _EVENT21
00000016   _EVENT22
00000017   _EVENT23
00000018   _EVENT24
00000019   _EVENT25
0000001a   _EVENT26
0000001b   _EVENT27
0000001c   _EVENT28
0000001d   _EVENT29
0000001e   _EVENT30
0000001f   _EVENT31
00000020   _EVENT32
00000021   _EVENT33
00000022   _EVENT34
00000023   _EVENT35
00000024   _EVENT36
00000025   _EVENT37
00000026   _EVENT38
00000027   _EVENT39
00000004   _EVENT4
00000028   _EVENT40
00000029   _EVENT41
0000002a   _EVENT42
0000002b   _EVENT43
0000002c   _EVENT44
0000002d   _EVENT45
0000002e   _EVENT46
0000002f   _EVENT47
00000030   _EVENT48
00000031   _EVENT49
00000005   _EVENT5
00000032   _EVENT50
00000033   _EVENT51
00000034   _EVENT52
00000035   _EVENT53
00000036   _EVENT54
00000037   _EVENT55
00000038   _EVENT56
00000039   _EVENT57
0000003a   _EVENT58
0000003b   _EVENT59
00000006   _EVENT6
0000003c   _EVENT60
0000003d   _EVENT61
0000003e   _EVENT62
0000003f   _EVENT63
00000040   _EVENT64
00000041   _EVENT65
00000042   _EVENT66
00000043   _EVENT67
00000044   _EVENT68
00000045   _EVENT69
00000007   _EVENT7
00000046   _EVENT70
00000047   _EVENT71
00000048   _EVENT72
00000049   _EVENT73
0000004a   _EVENT74
0000004b   _EVENT75
0000004c   _EVENT76
0000004d   _EVENT77
0000004e   _EVENT78
0000004f   _EVENT79
00000008   _EVENT8
00000050   _EVENT80
00000051   _EVENT81
00000052   _EVENT82
00000053   _EVENT83
00000054   _EVENT84
00000055   _EVENT85
00000056   _EVENT86
00000057   _EVENT87
00000058   _EVENT88
00000059   _EVENT89
00000009   _EVENT9
0000005a   _EVENT90
0000005b   _EVENT91
0000005c   _EVENT92
0000005d   _EVENT93
0000005e   _EVENT94
0000005f   _EVENT95
00000060   _EVENT96
00000061   _EVENT97
00000062   _EVENT98
00000063   _EVENT99
87e32490   _EXC_clearLastStatus
87e33f20   _EXC_dispatch
87e32314   _EXC_exceptionHandler
87e393a8   _EXC_exceptionHook
87e322e0   _EXC_external
87e393b0   _EXC_externalHook
87e322c0   _EXC_getLastStatus
87e32280   _EXC_init
87e31fd4   _EXC_internal
87e393ac   _EXC_internalHook
87e31fa0   _EXC_nmi
87e393b4   _EXC_nmiHook
87e39378   _EXC_returnPtr
87e340e4   _EXC_setReturnPtr
87e31ee4   _EXC_status
87e39370   _EXC_sysTrapTable
87e31f10   _FAIL_Code
87e31f08   _FAIL_File
87e31f0c   _FAIL_Line
87e31f04   _FAIL_Set
87e36260   _FXN_F_nop
87e35ea4   _FXN_F_run
87e35ee0   _FXN_F_zero
00000000   _GBL_CACHE
87e351e4   _GBL_cacheInit64P
87e39264   _GBL_clkIn
87e39268   _GBL_freq
87e36280   _GBL_getVersion
87e39260   _GBL_procId
87e2ca74   _HAL_exit
87e2ca40   _HAL_init
87e2b5f0   _HAL_intClear
87e2b548   _HAL_intDisable
87e2b500   _HAL_intEnable
87e2b340   _HAL_intInit
87e2b3b8   _HAL_intRegister
87e2b5d0   _HAL_intSend
87e2b590   _HAL_intWaitClear
87e362a0   _HOOK_setenv
87e00080   _HST_A_TABBEG
87e00080   _HST_A_TABEND
87e31f14   _HWI_ATTRS
00004000   _HWI_CFGDISPATCHED
87e3939c   _HWI_D_inhwi
87e39390   _HWI_D_spsave
87e324c0   _HWI_F_dispatch
0000000a   _HWI_INT10
0000000b   _HWI_INT11
0000000c   _HWI_INT12
0000000d   _HWI_INT13
0000000e   _HWI_INT14
0000000f   _HWI_INT15
00000004   _HWI_INT4
00000005   _HWI_INT5
00000006   _HWI_INT6
00000007   _HWI_INT7
00000008   _HWI_INT8
00000009   _HWI_INT9
00000001   _HWI_NMI
00000002   _HWI_RESERVED0
00000003   _HWI_RESERVED1
00000000   _HWI_RESET
87e37358   _HWI_STKBOTTOM
87e36360   _HWI_STKTOP
87e39390   _HWI_data
87e35f00   _HWI_disable
87e35960   _HWI_dispatchPlug
87e390c0   _HWI_dispatchTab
87e35f18   _HWI_enable
87e359e0   _HWI_eventMap
87e35f2c   _HWI_restore
87e362c0   _IDL_loop
87e264b8   _IPS_clearReserved
87e24fac   _IPS_exit
87e24cdc   _IPS_init
87e26558   _IPS_isNotReserved
87e25bd0   _IPS_notify
87e25124   _IPS_register
87e26418   _IPS_setReserved
87e2569c   _IPS_unregister
ffffffff   _IRAM
87e39330   _KNL_alarm
87e352a0   _KNL_check
87e39354   _KNL_curqueue
87e39344   _KNL_curtask
87e3934c   _KNL_curtime
87e31cd0   _KNL_dummy
87e35700   _KNL_enter
87e356c0   _KNL_exit
87e35368   _KNL_idle
87e3936c   _KNL_idlefxn
87e39338   _KNL_inactive
87e35a60   _KNL_ipost
87e35390   _KNL_max
87e39358   _KNL_maxqueue
87e35ae0   _KNL_post
87e39348   _KNL_prevtask
87e3933c   _KNL_priority
87e31c30   _KNL_queues
87e34c80   _KNL_ready
87e33520   _KNL_run
87e349c0   _KNL_saveIsrFrame
87e39340   _KNL_set
87e39334   _KNL_setpri
87e35780   _KNL_start
87e39b34   _KNL_swi
87e39350   _KNL_swiptr
87e34a6c   _KNL_switch
87e39360   _KNL_tcreatefxn
87e39364   _KNL_tdeletefxn
87e342cc   _KNL_tick
87e39368   _KNL_treadyfxn
87e3935c   _KNL_tswitchfxn
87e39328   _KNL_wFlag
87e3932c   _KNL_wList
ffffffff   _L1DSRAM
87e35b80   _LCK_pend
87e35b60   _LCK_post
87e39b04   _LOG_A_TABBEG
87e39b34   _LOG_A_TABEND
00000002   _LOG_A_TABLEN
87e391cc   _LOG_D_system
87e35be0   _LOG_event
87e39b04   _LOG_system
87e393ec   _MEM
87e3926c   _MEM_D_NUMSEGMENTS
87e39274   _MEM_D_freelist
87e39278   _MEM_D_lockaddr
87e39270   _MEM_D_memtab
87e3927c   _MEM_D_unlockaddr
87e33b60   _MEM_alloc
87e342e0   _MEM_free
87e38ba0   _MEM_init
87e393b8   _MEM_memtab
87e35de0   _MEM_valloc
87e31f38   _MPCSXFER_BufferSize
87e31f3c   _MPCSXFER_NumIterations
87e27524   _MPCS_close
87e2664c   _MPCS_create
87e31f44   _MPCS_csObj
87e31f40   _MPCS_ctrlPtr
87e26de4   _MPCS_delete
87e27648   _MPCS_enter
87e29f50   _MPCS_exit
87e29d6c   _MPCS_init
87e278ec   _MPCS_leave
87e273c0   _MPCS_open
87e31f48   _MPLIST_ctrlPtr
87e2b0b0   _MPLIST_exit
87e2aecc   _MPLIST_init
87e31f4c   _MPLIST_mpcsObj
87e31f50   _NOTIFY_ctrlPtr
87e2b96c   _NOTIFY_init
87e2a828   _NOTIFY_notify
87e31f54   _NOTIFY_numIps
87e2a440   _NOTIFY_register
87e2a5fc   _NOTIFY_unregister
87e35c60   _OBJ_create
87e35f60   _OBJ_delete
87e38ca0   _OBJ_init
87e31e20   _OBJ_segtab
87e31de8   _OBJ_table
87e00080   _PIP_A_TABBEG
87e00080   _PIP_A_TABEND
87e393f0   _POOL
ffffffff   _POOLMEM
87e31ec8   _POOL_config
87e389c0   _POOL_init
87e29c08   _POOL_open
87e3920c   _PRD_D_tick
87e31f98   _PRD_clock
87e361e0   _QUE_get
87e36208   _QUE_put
ffffffff   _RESET_VECTOR
87e31f58   _RingIO_ctrlPtr
87e20498   _RingIO_exit
87e202a8   _RingIO_init
87e31f5c   _RingIO_mpcsObj
87e35fc0   _SEM_pend
87e33760   _SEM_pendEnterKnl
87e355e0   _SEM_post
87e355e0   _SEM_postBinary
87e35820   _SEM_postEnterKnl
87e2bae8   _SHMDRV_handshake
87e2ba80   _SHMDRV_init
87e38690   _SMAPOOL_FXNS
87e28cd0   _SMAPOOL_alloc
87e290b8   _SMAPOOL_free
87e28b24   _SMAPOOL_init
87e28b48   _SMAPOOL_open
87e386a8   _STS_A_TABBEG
87e386b8   _STS_A_TABEND
87e3604c   _STS_add
87e36020   _STS_delta
87e36068   _STS_reset
87e362e0   _STS_set
87e392a4   _SWI_D_curfxn
87e39294   _SWI_D_curmask
87e39298   _SWI_D_curset
87e39290   _SWI_D_execaddr
87e392ac   _SWI_D_inswi
87e3929c   _SWI_D_lock
87e392a8   _SWI_D_rdybeg
87e3928c   _SWI_D_runaddr
87e3928c   _SWI_data
87e36080   _SWI_disable
87e360a4   _SWI_enable
87e32a10   _SWI_post
87e39280   _SYS
87e39600   _SYS_PUTCBEG
87e397ff   _SYS_PUTCEND
87e360e0   _SYS_abort
87e35e40   _SYS_error
87e358c0   _SYS_exit
87e31e90   _SYS_exitStack
87e393dc   _SYS_exitStackPtr
87e393e0   _SYS_exitStackTop
87e31eb0   _SamplePoolParams
87e2c260   _SetReason
87e399f8   _TRC_R_mask
87e393d0   _TSK
87e31d88   _TSK_ATTRS
87e31da4   _TSK_config
87e331e0   _TSK_create
87e34dc0   _TSK_exit
87e39990   _TSK_idle
87e38c40   _TSK_init
87e393c8   _TSK_nTasks
87e393cc   _TSK_pid
87e34820   _TSK_setup
87e35464   _TSK_startup
87e31dc4   _TSK_timerSem
87e27b44   _Task_create
87e28430   _Task_delete
87e27cc8   _Task_execute
87e36220   _UTL_doAbort
87e36300   _UTL_doError
87e36140   _UTL_doPutc
87e36320   _UTL_halt
87e31b0c   __BCACHE_emifAddr
87e31f2c   __BCACHE_readTable
87e347dc   __CLK_lat1beg
87e34800   __CLK_lat1end
87e294fc   __DSPLINK_init
87e39288   __HOOK_NUMHOOKS
87e39284   __HOOK_knlId
87e324c0   __HWI_lat1beg
87e32648   __HWI_lat1end
87e32648   __HWI_lat2beg
87e32824   __HWI_lat2end1
87e327b0   __HWI_lat2end2
87e32840   __HWI_lat3beg
87e327e0   __HWI_lat3end2
87e352ec   __KNL_lat1beg
87e35368   __KNL_lat1end
87e35be0   __LOG_lat1beg
87e31e64   __MEM_mutex
87e29fe0   __MPCS_open
48004000   __PWRM_CM_BASEADDR
5d000000   __PWRM_IVAMMU_BASEADDR
48306000   __PWRM_PRM_BASEADDR
48002000   __PWRM_SCM_BASEADDR
00000000   __PWRM_TIMERBASEADDR
00000020   __PWRM_TIMERINPUTCLK
00000000   __PWRM_TIMERINTRMASK
0000000a   __PWRM_TIMERPERIOD
00000000   __PWRM_USETIMER
87e361e0   __QUE_lat1beg
87e36200   __QUE_lat1end
87e36208   __QUE_lat2beg
87e36214   __QUE_lat2end
87e23834   __RingIO_callNotifier
87e23b20   __RingIO_checkNotifier
87e24474   __RingIO_getContiguousDataSize
87e23f00   __RingIO_getFirstAcquiredAttr
87e24060   __RingIO_getFirstAttr
87e23d34   __RingIO_initInstance
87e24a40   __RingIO_invalidateDataBuffer
87e20aa8   __RingIO_readerAcquire
87e23670   __RingIO_readerCancel
87e229b8   __RingIO_readerFlush
87e21cec   __RingIO_readerGetvAttribute
87e2142c   __RingIO_readerRelease
87e2421c   __RingIO_releaseAttribute
87e24744   __RingIO_updateAttributes
87e20548   __RingIO_writerAcquire
87e231d0   __RingIO_writerCancel
87e221c0   __RingIO_writerFlush
87e21198   __RingIO_writerRelease
87e217fc   __RingIO_writerSetvAttribute
87e344a0   __SEM_dopost
00001000   __STACK_SIZE
87e32b18   __SWI_lat1beg
87e32bc4   __SWI_lat1end
87e32bc8   __SWI_lat2beg
87e32c28   __SWI_lat2end
87e329a0   __SWI_lat3beg
87e32a0c   __SWI_lat3end
87e31e3c   __TSK_mutex
ffffffff   ___TI_pprof_out_hndl
ffffffff   ___TI_prof_data_size
ffffffff   ___TI_prof_data_start
ffffffff   ___binit__
87e390c0   ___bss__
ffffffff   ___c_args__
87e37360   ___cinit__
87e00080   ___data__
87e00080   ___edata__
87e393f6   ___end__
87e2cbc0   ___etext__
ffffffff   ___pinit__
87e20080   ___text__
87e34b40   __auto_init
87e2bca0   __cmpd
87e2c6e0   __cmpf
87e38150   __ctypes_
87e2c7e0   __cvtfd
87e2a960   __divf
87e2bd80   __divi
87e2c0e0   __divu
87e2c760   __fixfu
87e2c9c0   __fltuf
87e2c840   __frcmpyf
87e2c460   __frcmpyf_div
87e31f60   __lock
87e2b140   __mpyf
87e2cb60   __nop
87e2cb80   __register_lock
87e2cba0   __register_unlock
87e2c500   __remu
87e36360   __stack
87e31f64   __unlock
87e31b04   _address_target_region_height
87e31b00   _address_target_region_width
87e31af8   _address_target_region_x
87e31afc   _address_target_region_y
87e2808c   _assignBufferToKernel
87e27f48   _assignBufferToTargetRegion
87e27ec8   _assignBufferToVariable
87e282dc   _assignPdfModelFullToBuffer
87e281c0   _assignPdfModelToBuffer
87e2be60   _atoi
87e31ae0   _bin_width
87e2cbc0   _buf
87e31aec   _bufferBytesPerData
87e31af0   _bufferSize
87e38ae0   _c_int00
87e31ae8   _checkGPP
87e2cbc4   _frameCols
87e2cbc6   _frameRows
87e31ae4   _iteration
87e2cce0   _kernel
87e2cbc8   _kernelCols
87e2cbca   _kernelRows
87e2b7e0   _main
87e2c5a0   _memcpy
87e2bf40   _memset
87e31ad4   _normalized_C
87e2cbd8   _pdf_model0
87e2cc18   _pdf_model_full
87e284ac   _pdf_representation0
87e28688   _pdf_representation_half
87e2ccd8   _pdf_size
87e31eb8   _pool_notify_Pools
87e31af4   _runningCode
87e2cbcc   _sizeFrame
87e2cbd4   _sizeHalfRect
87e2cbd0   _sizeKernel
87e2c8a0   _strcpy
87e2c900   _strncmp
87e2c640   _strncpy
87e31ad8   _target_Region
87e39b1c   _trace
87e31ad0   _weight
ffffffff   binit
87e37360   cinit
87e00080   edata
87e393f6   end
87e2cbc0   etext
87e39400   hwi0
87e39420   hwi1
87e39540   hwi10
87e39560   hwi11
87e39580   hwi12
87e395a0   hwi13
87e395c0   hwi14
87e395e0   hwi15
87e39440   hwi2
87e39460   hwi3
87e39480   hwi4
87e394a0   hwi5
87e394c0   hwi6
87e394e0   hwi7
87e39500   hwi8
87e39520   hwi9
ffffffff   pinit
87e39b1c   trace
87e39a00   trace$buf
00000001   trace$datatype
00000000   trace$log
00000020   trace$size


GLOBAL SYMBOLS: SORTED BY Symbol Address 

address    name
--------   ----
00000000   BUF$
00000000   CLK_PRDHIGH
00000000   CLK_RESETTIMER
00000000   CLK_TDDR
00000000   CLK_TDDRHIGH
00000000   CLK_TIMERNUM
00000000   DEV$
00000000   DGN$
00000000   DHL$
00000000   DHL_gChannelsAvailable
00000000   DIO$
00000000   DIO_NUMSWIBASE
00000000   DIO_NUMTSKBASE
00000000   DIO_STATIC
00000000   DPI$
00000000   ECM$
00000000   ECM_ENABLE
00000000   GBL_BCACHEREADADDR0
00000000   GBL_BCACHEREADADDR1
00000000   GBL_BCACHEREADADDR2
00000000   GBL_BIGENDIAN
00000000   GBL_CACHE
00000000   GBL_CALLCSLCFGINIT
00000000   GBL_ENABLEINST
00000000   GBL_ENABLE_SK
00000000   GBL_GEMTRUECOMPEN
00000000   GBL_L2MAR0_31
00000000   GBL_L2MAR160_191
00000000   GBL_L2MAR192_223
00000000   GBL_L2MAR224_255
00000000   GBL_L2MAR32_63
00000000   GBL_L2MAR64_95
00000000   GBL_L2MAR96_127
00000000   GBL_NULL
00000000   GBL_PROCID
00000000   GBL_ROM
00000000   GBL_SUPPORTCSL
00000000   GBL_USERINIT
00000000   GIO$
00000000   HOOK$
00000000   HOOK_KNLID
00000000   HST$
00000000   HST_DSM
00000000   HST_MAXFRAMESET
00000000   HST_RTDX
00000000   HWI_GENERATE_RESET_VEC
00000000   HWI_INT10$hwi
00000000   HWI_INT11$hwi
00000000   HWI_INT12$hwi
00000000   HWI_INT13$hwi
00000000   HWI_INT14$hwi
00000000   HWI_INT15$hwi
00000000   HWI_INT4$hwi
00000000   HWI_INT5$hwi
00000000   HWI_INT6$hwi
00000000   HWI_INT7$hwi
00000000   HWI_INT8$hwi
00000000   HWI_INT9$hwi
00000000   HWI_NMI$hwi
00000000   HWI_POLARITYMASK
00000000   HWI_RESERVED0$hwi
00000000   HWI_RESERVED1$hwi
00000000   HWI_RESET
00000000   HWI_RESET$hwi
00000000   HWI_ZEROTAB
00000000   IDL$
00000000   IDL_CALIBRERROR
00000000   IDL_CALIBRFXN
00000000   IDL_USECLKIDLTIME
00000000   KNL_swi$ord
00000000   KNL_swi$pri
00000000   KNL_swi$sts$unittype
00000000   KNL_swi$swi
00000000   LOG_system$datatype
00000000   LOG_system$log
00000000   MBX$
00000000   MEM_NULL
00000000   MEM_USEMPC
00000000   MSGQ$
00000000   MSGQ_USEMSGQ
00000000   OBJ$
00000000   PIP$
00000000   PIP_A_TABLEN
00000000   PIP_gNextId
00000000   PIP_gNumEmbed
00000000   PRD_A_TABLEN
00000000   PRD_SWIHANDLE
00000000   PWRM_PWRM_CAPSMASK
00000000   PWRM_PWRM_ENABLE
00000000   PWRM_PWRM_LOADENABLE
00000000   PWRM_PWRM_RESOURCETRACKING
00000000   PWRM_PWRM_SCALING
00000000   PWRM_PWRM_TIMERIDNUM
00000000   PWRM_PWRM_TIMERINTRMASK
00000000   PWRM_PWRM_TIMERWUGENMASK
00000000   PWRM_PWRM_USERRESOURCES
00000000   PWRM_PWRM_USETIMER
00000000   RTDX$
00000000   RTDX_MODE
00000000   RTDX_USERTDX
00000000   RTDX_USERTEXECUTION
00000000   SEM$
00000000   SIO$
00000000   STS$
00000000   SWI_EHOOKFXN
00000000   SWI_IHOOKFXN
00000000   TSK_NUM_HOOKS
00000000   TSK_READYFXN
00000000   TSK_SWITCHFXN
00000000   TSK_idle$ord
00000000   TSK_idle$pri
00000000   TSK_idle$tsk
00000000   UDEV$
00000000   _CLK_TDDR
00000000   _CLK_TIMERNUM
00000000   _GBL_CACHE
00000000   _HWI_RESET
00000000   __PWRM_TIMERBASEADDR
00000000   __PWRM_TIMERINTRMASK
00000000   __PWRM_USETIMER
00000000   trace$log
00000001   BUF_ENABLED
00000001   CLK$
00000001   CLK_CALDIV
00000001   CLK_CALMULT
00000001   CLK_ENABLEHTIME
00000001   CLK_HTIMEDIV
00000001   CLK_HTIMEMULT
00000001   CLK_LTIMEDIV
00000001   CLK_USETIMER
00000001   GBL$
00000001   GBL_L2CONFIGURE
00000001   GBL_L2MODE
00000001   GBL_boot
00000001   HST_NONE
00000001   HWI$
00000001   HWI_ENABLE_EXC
00000001   HWI_NMI
00000001   ISRC$
00000001   KNL_swi$dorta
00000001   KNL_swi$sts$filtmaxmult
00000001   KNL_swi$sts$filtsummult
00000001   LCK$
00000001   LOG$
00000001   LOG_ENABLED
00000001   MEM$
00000001   MEM_gNumHeap
00000001   POOL$
00000001   POOL_USEPOOL
00000001   PRD$
00000001   PRD_SCALAR
00000001   PWRM$
00000001   PWRM_PWRM_NUMSLOTS
00000001   QUE$
00000001   SWI$
00000001   SWI_A_TABLEN
00000001   SYS$
00000001   TSK$
00000001   TSK_PRIORITY
00000001   _CLK_USETIMER
00000001   _HWI_NMI
00000001   trace$datatype
00000002   HWI_RESERVED0
00000002   KNL_swi$sts$filter
00000002   LOG_A_TABLEN
00000002   _HWI_RESERVED0
00000002   _LOG_A_TABLEN
00000003   GBL_L1PMODE
00000003   HWI_RESERVED1
00000003   _HWI_RESERVED1
00000004   EVENT4
00000004   HWI_INT4
00000004   _EVENT4
00000004   _HWI_INT4
00000005   CLK_COUNTSPMSHIGH
00000005   CLK_TIMMODE
00000005   EVENT5
00000005   HWI_INT5
00000005   _EVENT5
00000005   _HWI_INT5
00000006   EVENT6
00000006   HWI_INT6
00000006   _EVENT6
00000006   _HWI_INT6
00000007   EVENT7
00000007   GBL_L1DMODE
00000007   HWI_INT7
00000007   _EVENT7
00000007   _HWI_INT7
00000008   EVENT8
00000008   HWI_INT8
00000008   _EVENT8
00000008   _HWI_INT8
00000009   EVENT9
00000009   HWI_INT9
00000009   _EVENT9
00000009   _HWI_INT9
0000000a   EVENT10
0000000a   HWI_INT10
0000000a   PWRM_PWRM_CLKTICKSPERSLOT
0000000a   _EVENT10
0000000a   _HWI_INT10
0000000a   __PWRM_TIMERPERIOD
0000000b   EVENT11
0000000b   HWI_INT11
0000000b   _EVENT11
0000000b   _HWI_INT11
0000000c   EVENT12
0000000c   HWI_INT12
0000000c   _EVENT12
0000000c   _HWI_INT12
0000000d   EVENT13
0000000d   HWI_INT13
0000000d   _EVENT13
0000000d   _HWI_INT13
0000000e   EVENT14
0000000e   HWI_INT14
0000000e   _EVENT14
0000000e   _HWI_INT14
0000000f   EVENT15
0000000f   HWI_INT15
0000000f   _EVENT15
0000000f   _HWI_INT15
00000010   EVENT16
00000010   _EVENT16
00000011   EVENT17
00000011   _EVENT17
00000012   EVENT18
00000012   _EVENT18
00000013   EVENT19
00000013   _EVENT19
00000014   EVENT20
00000014   _EVENT20
00000015   EVENT21
00000015   _EVENT21
00000016   EVENT22
00000016   _EVENT22
00000017   EVENT23
00000017   _EVENT23
00000018   EVENT24
00000018   _EVENT24
00000019   EVENT25
00000019   _EVENT25
0000001a   EVENT26
0000001a   _EVENT26
0000001b   EVENT27
0000001b   _EVENT27
0000001c   EVENT28
0000001c   _EVENT28
0000001d   EVENT29
0000001d   _EVENT29
0000001e   EVENT30
0000001e   _EVENT30
0000001f   EVENT31
0000001f   _EVENT31
00000020   CLK_TCR
00000020   EVENT32
00000020   _EVENT32
00000020   __PWRM_TIMERINPUTCLK
00000020   trace$size
00000021   EVENT33
00000021   _EVENT33
00000022   EVENT34
00000022   _EVENT34
00000023   EVENT35
00000023   _EVENT35
00000024   EVENT36
00000024   _EVENT36
00000025   EVENT37
00000025   _EVENT37
00000026   EVENT38
00000026   _EVENT38
00000027   EVENT39
00000027   _EVENT39
00000028   EVENT40
00000028   _EVENT40
00000029   EVENT41
00000029   _EVENT41
0000002a   EVENT42
0000002a   _EVENT42
0000002b   EVENT43
0000002b   _EVENT43
0000002c   EVENT44
0000002c   _EVENT44
0000002d   EVENT45
0000002d   _EVENT45
0000002e   EVENT46
0000002e   _EVENT46
0000002f   EVENT47
0000002f   _EVENT47
00000030   EVENT48
00000030   _EVENT48
00000031   EVENT49
00000031   _EVENT49
00000032   EVENT50
00000032   _EVENT50
00000033   EVENT51
00000033   _EVENT51
00000034   EVENT52
00000034   _EVENT52
00000035   EVENT53
00000035   _EVENT53
00000036   EVENT54
00000036   _EVENT54
00000037   EVENT55
00000037   _EVENT55
00000038   EVENT56
00000038   _EVENT56
00000039   EVENT57
00000039   _EVENT57
0000003a   EVENT58
0000003a   _EVENT58
0000003b   EVENT59
0000003b   _EVENT59
0000003c   EVENT60
0000003c   _EVENT60
0000003d   EVENT61
0000003d   _EVENT61
0000003e   EVENT62
0000003e   GBL_DSPTYPE
0000003e   _EVENT62
0000003f   EVENT63
0000003f   _EVENT63
00000040   EVENT64
00000040   LOG_system$size
00000040   _EVENT64
00000041   EVENT65
00000041   _EVENT65
00000042   EVENT66
00000042   GBL_FOOTPRINT
00000042   _EVENT66
00000043   EVENT67
00000043   _EVENT67
00000044   EVENT68
00000044   _EVENT68
00000045   EVENT69
00000045   _EVENT69
00000046   EVENT70
00000046   _EVENT70
00000047   EVENT71
00000047   _EVENT71
00000048   EVENT72
00000048   _EVENT72
00000049   EVENT73
00000049   _EVENT73
0000004a   EVENT74
0000004a   _EVENT74
0000004b   EVENT75
0000004b   _EVENT75
0000004c   EVENT76
0000004c   _EVENT76
0000004d   EVENT77
0000004d   _EVENT77
0000004e   EVENT78
0000004e   _EVENT78
0000004f   EVENT79
0000004f   _EVENT79
00000050   EVENT80
00000050   _EVENT80
00000051   EVENT81
00000051   _EVENT81
00000052   EVENT82
00000052   _EVENT82
00000053   EVENT83
00000053   _EVENT83
00000054   EVENT84
00000054   _EVENT84
00000055   EVENT85
00000055   _EVENT85
00000056   EVENT86
00000056   _EVENT86
00000057   EVENT87
00000057   _EVENT87
00000058   EVENT88
00000058   _EVENT88
00000059   EVENT89
00000059   _EVENT89
0000005a   EVENT90
0000005a   _EVENT90
0000005b   EVENT91
0000005b   _EVENT91
0000005c   EVENT92
0000005c   _EVENT92
0000005d   EVENT93
0000005d   _EVENT93
0000005e   EVENT94
0000005e   _EVENT94
0000005f   EVENT95
0000005f   _EVENT95
00000060   EVENT96
00000060   _EVENT96
00000061   EVENT97
00000061   _EVENT97
00000062   EVENT98
00000062   _EVENT98
00000063   EVENT99
00000063   _EVENT99
00000064   EVENT100
00000064   PIP_OBJSIZE
00000064   _EVENT100
00000065   EVENT101
00000065   _EVENT101
00000066   EVENT102
00000066   _EVENT102
00000067   EVENT103
00000067   _EVENT103
00000068   EVENT104
00000068   _EVENT104
00000069   EVENT105
00000069   _EVENT105
0000006a   EVENT106
0000006a   _EVENT106
0000006b   EVENT107
0000006b   _EVENT107
0000006c   EVENT108
0000006c   _EVENT108
0000006d   EVENT109
0000006d   _EVENT109
0000006e   EVENT110
0000006e   _EVENT110
0000006f   EVENT111
0000006f   _EVENT111
00000070   EVENT112
00000070   _EVENT112
00000071   EVENT113
00000071   _EVENT113
00000072   EVENT114
00000072   _EVENT114
00000073   EVENT115
00000073   _EVENT115
00000074   EVENT116
00000074   _EVENT116
00000075   EVENT117
00000075   _EVENT117
00000076   EVENT118
00000076   _EVENT118
00000077   EVENT119
00000077   _EVENT119
00000078   EVENT120
00000078   _EVENT120
00000079   EVENT121
00000079   _EVENT121
0000007a   EVENT122
0000007a   _EVENT122
0000007b   EVENT123
0000007b   _EVENT123
0000007c   EVENT124
0000007c   _EVENT124
0000007d   EVENT125
0000007d   _EVENT125
0000007e   EVENT126
0000007e   _EVENT126
0000007f   EVENT127
0000007f   _EVENT127
00000080   GBL_L2MAR128_159
00000100   HST_MAXFRAMEALLOWED
000003e8   CLK_MICROSECS
00000400   HST_DSMMEMSIZE
00000400   TSK_STACKSIZE
00000408   RTDX_BUFMEMSIZE
00000d66   GBL_CLKTYPE
00001000   __STACK_SIZE
00001963   GBL_DSPSUBTYPE
00004000   CLK_INTBIT
00004000   GBL_TRCMASKVALUE
00004000   HWI_CFGDISPATCHED
00004000   _HWI_CFGDISPATCHED
00004b00   CLK_INPUTCLK
00004b00   CLK_PRD
00004b00   _CLK_PRD
00004e20   GBL_CLKIN
00005205   GBL_A_VERSION
00020000   DDR2$L
00020000   _DDR2_length
00050910   CLK_COUNTSPMS
00050910   CLK_HTIMEPERLTIME
00050910   CLK_LTIMEMULT
00050910   GBL_FREQ
00050910   _CLK_COUNTSPMS
07060504   HWI_INTRMUX1
0a0a0908   HWI_INTRMUX2
34330d0b   HWI_INTRMUX3
48002000   __PWRM_SCM_BASEADDR
48004000   __PWRM_CM_BASEADDR
48306000   __PWRM_PRM_BASEADDR
49038000   CLK_REGS
49038000   _CLK_REGS
49038000   _CLK_gptimer
5d000000   __PWRM_IVAMMU_BASEADDR
87e00080   .data
87e00080   DDR2$B
87e00080   HST_A_TABBEG
87e00080   HST_A_TABEND
87e00080   PIP_A_TABBEG
87e00080   PIP_A_TABEND
87e00080   PRD_A_TABBEG
87e00080   PRD_A_TABEND
87e00080   _DDR2_base
87e00080   _HST_A_TABBEG
87e00080   _HST_A_TABEND
87e00080   _PIP_A_TABBEG
87e00080   _PIP_A_TABEND
87e00080   ___data__
87e00080   ___edata__
87e00080   edata
87e20080   .text
87e20080   ___text__
87e202a8   _RingIO_init
87e20498   _RingIO_exit
87e20548   __RingIO_writerAcquire
87e20aa8   __RingIO_readerAcquire
87e21198   __RingIO_writerRelease
87e2142c   __RingIO_readerRelease
87e217fc   __RingIO_writerSetvAttribute
87e21cec   __RingIO_readerGetvAttribute
87e221c0   __RingIO_writerFlush
87e229b8   __RingIO_readerFlush
87e231d0   __RingIO_writerCancel
87e23670   __RingIO_readerCancel
87e23834   __RingIO_callNotifier
87e23b20   __RingIO_checkNotifier
87e23d34   __RingIO_initInstance
87e23f00   __RingIO_getFirstAcquiredAttr
87e24060   __RingIO_getFirstAttr
87e2421c   __RingIO_releaseAttribute
87e24474   __RingIO_getContiguousDataSize
87e24744   __RingIO_updateAttributes
87e24a40   __RingIO_invalidateDataBuffer
87e24cdc   _IPS_init
87e24fac   _IPS_exit
87e25124   _IPS_register
87e2569c   _IPS_unregister
87e25bd0   _IPS_notify
87e26418   _IPS_setReserved
87e264b8   _IPS_clearReserved
87e26558   _IPS_isNotReserved
87e2664c   _MPCS_create
87e26de4   _MPCS_delete
87e273c0   _MPCS_open
87e27524   _MPCS_close
87e27648   _MPCS_enter
87e278ec   _MPCS_leave
87e27b44   _Task_create
87e27cc8   _Task_execute
87e27ec8   _assignBufferToVariable
87e27f48   _assignBufferToTargetRegion
87e2808c   _assignBufferToKernel
87e281c0   _assignPdfModelToBuffer
87e282dc   _assignPdfModelFullToBuffer
87e28430   _Task_delete
87e284ac   _pdf_representation0
87e28688   _pdf_representation_half
87e28b24   _SMAPOOL_init
87e28b48   _SMAPOOL_open
87e28cd0   _SMAPOOL_alloc
87e290b8   _SMAPOOL_free
87e294fc   __DSPLINK_init
87e29c08   _POOL_open
87e29d6c   _MPCS_init
87e29f50   _MPCS_exit
87e29fe0   __MPCS_open
87e2a440   _NOTIFY_register
87e2a5fc   _NOTIFY_unregister
87e2a828   _NOTIFY_notify
87e2a960   __divf
87e2aecc   _MPLIST_init
87e2b0b0   _MPLIST_exit
87e2b140   __mpyf
87e2b340   _HAL_intInit
87e2b3b8   _HAL_intRegister
87e2b500   _HAL_intEnable
87e2b548   _HAL_intDisable
87e2b590   _HAL_intWaitClear
87e2b5d0   _HAL_intSend
87e2b5f0   _HAL_intClear
87e2b680   _DSPLINKIPS_init
87e2b7e0   _main
87e2b96c   _NOTIFY_init
87e2ba80   _SHMDRV_init
87e2bae8   _SHMDRV_handshake
87e2bba0   _DSPLINK_init
87e2bca0   __cmpd
87e2bd80   __divi
87e2be60   _atoi
87e2bf40   _memset
87e2c020   _DSPLINKPOOL_init
87e2c0e0   __divu
87e2c260   _SetReason
87e2c320   _DSPLINKDATA_init
87e2c3c0   _DSPLINKMQT_init
87e2c460   __frcmpyf_div
87e2c500   __remu
87e2c5a0   _memcpy
87e2c640   _strncpy
87e2c6e0   __cmpf
87e2c760   __fixfu
87e2c7e0   __cvtfd
87e2c840   __frcmpyf
87e2c8a0   _strcpy
87e2c900   _strncmp
87e2c9c0   __fltuf
87e2ca40   _HAL_init
87e2ca74   _HAL_exit
87e2cb60   __nop
87e2cb80   __register_lock
87e2cba0   __register_unlock
87e2cbc0   ___etext__
87e2cbc0   _buf
87e2cbc0   etext
87e2cbc4   _frameCols
87e2cbc6   _frameRows
87e2cbc8   _kernelCols
87e2cbca   _kernelRows
87e2cbcc   _sizeFrame
87e2cbd0   _sizeKernel
87e2cbd4   _sizeHalfRect
87e2cbd8   _pdf_model0
87e2cc18   _pdf_model_full
87e2ccd8   _pdf_size
87e2cce0   _kernel
87e31ad0   _weight
87e31ad4   _normalized_C
87e31ad8   _target_Region
87e31ae0   _bin_width
87e31ae4   _iteration
87e31ae8   _checkGPP
87e31aec   _bufferBytesPerData
87e31af0   _bufferSize
87e31af4   _runningCode
87e31af8   _address_target_region_x
87e31afc   _address_target_region_y
87e31b00   _address_target_region_width
87e31b04   _address_target_region_height
87e31b0c   __BCACHE_emifAddr
87e31c30   _KNL_queues
87e31cd0   _KNL_dummy
87e31d08   _DSPLINKPOOL_ctrlPtr
87e31d88   _TSK_ATTRS
87e31da4   _TSK_config
87e31dc4   _TSK_timerSem
87e31de4   _CLK_inputClock
87e31de8   _OBJ_table
87e31e20   _OBJ_segtab
87e31e3c   __TSK_mutex
87e31e64   __MEM_mutex
87e31e90   _SYS_exitStack
87e31eb0   _SamplePoolParams
87e31eb8   _pool_notify_Pools
87e31ec8   _POOL_config
87e31ee4   _EXC_status
87e31f04   _FAIL_Set
87e31f08   _FAIL_File
87e31f0c   _FAIL_Line
87e31f10   _FAIL_Code
87e31f14   _HWI_ATTRS
87e31f2c   __BCACHE_readTable
87e31f38   _MPCSXFER_BufferSize
87e31f3c   _MPCSXFER_NumIterations
87e31f40   _MPCS_ctrlPtr
87e31f44   _MPCS_csObj
87e31f48   _MPLIST_ctrlPtr
87e31f4c   _MPLIST_mpcsObj
87e31f50   _NOTIFY_ctrlPtr
87e31f54   _NOTIFY_numIps
87e31f58   _RingIO_ctrlPtr
87e31f5c   _RingIO_mpcsObj
87e31f60   __lock
87e31f64   __unlock
87e31f70   _DSPLINKDATA_ctrlPtr
87e31f78   _DSPLINKMQT_ctrlPtr
87e31f7c   _CLK_gptimer_enablemask
87e31f98   CLK_A_TABBEG
87e31f98   PRD_clock
87e31f98   _PRD_clock
87e31f9c   CLK_null
87e31fa0   _EXC_nmi
87e31fd4   _EXC_internal
87e32280   _EXC_init
87e322c0   _EXC_getLastStatus
87e322e0   _EXC_external
87e32314   _EXC_exceptionHandler
87e32490   _EXC_clearLastStatus
87e324c0   CLK_HOOKFXN
87e324c0   HWI_F_dispatch
87e324c0   _HWI_F_dispatch
87e324c0   __HWI_lat1beg
87e32648   __HWI_lat1end
87e32648   __HWI_lat2beg
87e327b0   __HWI_lat2end2
87e327e0   __HWI_lat3end2
87e32824   __HWI_lat2end1
87e32840   __HWI_lat3beg
87e329a0   SWI_F_enable
87e329a0   __SWI_lat3beg
87e32a0c   __SWI_lat3end
87e32a10   SWI_F_post
87e32a10   _SWI_post
87e32b18   __SWI_lat1beg
87e32b84   SWI_EXECFXN
87e32b84   SWI_F_exec
87e32bac   SWI_F_iexec
87e32bc4   __SWI_lat1end
87e32bc8   __SWI_lat2beg
87e32c28   __SWI_lat2end
87e32c2c   SWI_F_run
87e32c2c   SWI_RUNFXN
87e32e60   PRD_F_swi
87e330e4   PRD_F_tick
87e331e0   _TSK_create
87e33520   _KNL_run
87e33760   _SEM_pendEnterKnl
87e33960   _CLK_stop
87e339c4   _CLK_start
87e33b60   _MEM_alloc
87e33d40   _C62_plug
87e33d40   _C64_plug
87e33d48   _C62_dispatchPlug
87e33d48   _C64_dispatchPlug
87e33f20   _EXC_dispatch
87e340e4   _EXC_setReturnPtr
87e342cc   PRD_THOOKFXN
87e342cc   _KNL_tick
87e342e0   _MEM_free
87e344a0   __SEM_dopost
87e34660   CLK_F_getltime
87e34670   CLK_F_isr
87e347c0   CLK_F_itime
87e347c0   _CLK_F_itime
87e347c0   _CLK_itime
87e347dc   __CLK_lat1beg
87e34800   __CLK_lat1end
87e34820   _TSK_setup
87e349c0   _KNL_saveIsrFrame
87e34a6c   _KNL_switch
87e34b18   KNL_glue
87e34b40   __auto_init
87e34c80   _KNL_ready
87e34dc0   _TSK_exit
87e34f00   _BCACHE_setSize
87e34f44   _BCACHE_setMar
87e34f94   _BCACHE_bootInit
87e34f94   _BCACHE_setCacheToSram
87e34fc4   _BCACHE_getSize
87e35014   _BCACHE_getMar
87e3506c   _CLK_reconfig
87e351e4   _GBL_cacheInit64P
87e352a0   _KNL_check
87e352ec   __KNL_lat1beg
87e35368   _KNL_idle
87e35368   __KNL_lat1end
87e35390   _KNL_max
87e35464   _TSK_startup
87e355ac   _BCACHE_wbInv
87e355c0   _BCACHE_wb
87e355d0   _BCACHE_inv
87e355e0   _SEM_post
87e355e0   _SEM_postBinary
87e356c0   _KNL_exit
87e35700   _KNL_enter
87e35780   _KNL_start
87e35820   _SEM_postEnterKnl
87e358c0   _SYS_exit
87e35960   _HWI_dispatchPlug
87e359e0   _HWI_eventMap
87e35a60   _KNL_ipost
87e35ae0   _KNL_post
87e35b60   _LCK_post
87e35b80   _LCK_pend
87e35be0   LOG_F_event
87e35be0   _LOG_event
87e35be0   __LOG_lat1beg
87e35c60   _OBJ_create
87e35d2c   _BCACHE_wbInvAll
87e35d40   _BCACHE_wbAll
87e35d50   _BCACHE_invL1pAll
87e35d60   _BCACHE_wait
87e35de0   _MEM_valloc
87e35e40   _SYS_error
87e35ea0   FXN_F_nop
87e35ea4   FXN_F_run
87e35ea4   _FXN_F_run
87e35ee0   FXN_F_zero
87e35ee0   _FXN_F_zero
87e35f00   _HWI_disable
87e35f18   _HWI_enable
87e35f2c   _HWI_restore
87e35f60   _OBJ_delete
87e35fc0   _SEM_pend
87e36020   STS_F_delta
87e36020   _STS_delta
87e3604c   STS_F_add
87e3604c   _STS_add
87e36068   STS_F_reset
87e36068   _STS_reset
87e36080   _SWI_disable
87e360a4   _SWI_enable
87e360e0   _SYS_abort
87e36140   SYS_PUTCFXN
87e36140   _UTL_doPutc
87e361a0   _C62_disableIER
87e361a0   _C64_disableIER
87e361b8   _C62_enableIER
87e361b8   _C64_enableIER
87e361cc   _C62_clearIFR
87e361cc   _C64_clearIFR
87e361e0   _QUE_get
87e361e0   __QUE_lat1beg
87e36200   __QUE_lat1end
87e36208   _QUE_put
87e36208   __QUE_lat2beg
87e36214   __QUE_lat2end
87e36220   SYS_ABORTFXN
87e36220   _UTL_doAbort
87e36260   GBL_USERINITFXN
87e36260   GIO_CREATEFXN
87e36260   GIO_DELETEFXN
87e36260   GIO_PENDFXN
87e36260   GIO_POSTFXN
87e36260   PWRM_PWRM_SHAREDRESOURCEFXN
87e36260   PWRM_PWRM_SLOTHOOKFXN
87e36260   TSK_VCREATEFXN
87e36260   TSK_VDELETEFXN
87e36260   TSK_VEXITFXN
87e36260   _FXN_F_nop
87e36280   _GBL_getVersion
87e362a0   _HOOK_setenv
87e362c0   IDL_F_loop
87e362c0   _IDL_loop
87e362e0   _STS_set
87e36300   SYS_ERRORFXN
87e36300   _UTL_doError
87e36320   SYS_EXITFXN
87e36320   _UTL_halt
87e36340   CLK_TIMEFXN
87e36340   _CLK_gethtime
87e36360   GBL_stackbeg
87e36360   _HWI_STKTOP
87e36360   __stack
87e37358   _HWI_STKBOTTOM
87e3735f   GBL_stackend
87e37360   ___cinit__
87e37360   cinit
87e37fb4   IDL_A_TABBEG
87e37fb4   IDL_END
87e38150   __ctypes_
87e38690   _SMAPOOL_FXNS
87e386a5   KNL_swi$sts$maxfmt
87e386a8   KNL_swi$sts$stsobj
87e386a8   STS_A_TABBEG
87e386a8   _STS_A_TABBEG
87e386ac   KNL_swi$sts
87e386ad   KNL_swi$sts$sumfmt
87e386b5   KNL_swi$sts$avgfmt
87e386b8   IDL_A_CALBEG
87e386b8   IDL_END$
87e386b8   STS_A_TABEND
87e386b8   _STS_A_TABEND
87e386c0   BIOS_init
87e386c0   _BIOS_init
87e38928   BIOS_start
87e38928   _BIOS_start
87e389c0   _POOL_init
87e38ae0   _c_int00
87e38ba0   _MEM_init
87e38c40   _TSK_init
87e38ca0   _OBJ_init
87e38cc0   TSK_idle$stack
87e39058   TSK_idle$stkptr
87e390c0   $bss
87e390c0   .bss
87e390c0   _HWI_dispatchTab
87e390c0   ___bss__
87e391c0   IDL_D_tabbeg
87e391c4   IDL_D_calibrate
87e391c8   IDL_D_calbeg
87e391cc   LOG_D_system
87e391cc   _LOG_D_system
87e391d0   PIP_D_tabbeg
87e391d4   PIP_D_tablen
87e391d8   CLK_R_time
87e391dc   CLK_D_timefxn
87e391e0   CLK_D_tabbeg
87e391e4   CLK_D_isrhook
87e391e8   CLK_D_idletime
87e391ec   _CLK_htimeDiv
87e391f0   _CLK_htimeMult
87e391f4   _CLK_ltimeDiv
87e391f8   _CLK_ltimeMult
87e391fc   _CLK_D_dirty
87e39200   _CLK_D_prd
87e39204   _CLK_D_tddr
87e39208   _CLK_D_countspms
87e3920c   PRD_D_tick
87e3920c   _PRD_D_tick
87e39210   PRD_D_cur
87e39214   PRD_D_elapsed
87e39218   PRD_D_prevtim
87e3921c   PRD_D_scalar
87e39220   PRD_D_swihandle
87e39224   PRD_D_tabbeg
87e39228   PRD_D_tablen
87e3922c   PRD_D_thook
87e39230   RTA_D_fromHost
87e39234   RTA_D_toHost
87e39238   RTA_D_logval
87e39248   RTA_D_stsval
87e39254   HST_D_chanmask
87e39258   HST_D_tabbeg
87e3925c   HST_D_tabend
87e39260   _GBL_procId
87e39264   _GBL_clkIn
87e39268   _GBL_freq
87e3926c   _MEM_D_NUMSEGMENTS
87e39270   _MEM_D_memtab
87e39274   _MEM_D_freelist
87e39278   _MEM_D_lockaddr
87e3927c   _MEM_D_unlockaddr
87e39280   _SYS
87e39284   __HOOK_knlId
87e39288   __HOOK_NUMHOOKS
87e3928c   SWI_D_runaddr
87e3928c   _SWI_D_runaddr
87e3928c   _SWI_data
87e39290   SWI_D_execaddr
87e39290   _SWI_D_execaddr
87e39294   SWI_D_curmask
87e39294   _SWI_D_curmask
87e39298   SWI_D_curset
87e39298   _SWI_D_curset
87e3929c   SWI_D_lock
87e3929c   _SWI_D_lock
87e392a0   SWI_D_curmbox
87e392a4   SWI_D_curfxn
87e392a4   _SWI_D_curfxn
87e392a8   SWI_D_rdybeg
87e392a8   _SWI_D_rdybeg
87e392ac   SWI_D_inswi
87e392ac   _SWI_D_inswi
87e392b0   SWI_D_rdytab
87e39328   _KNL_wFlag
87e3932c   _KNL_wList
87e39330   _KNL_alarm
87e39334   _KNL_setpri
87e39338   _KNL_inactive
87e3933c   _KNL_priority
87e39340   _KNL_set
87e39344   _KNL_curtask
87e39348   _KNL_prevtask
87e3934c   _KNL_curtime
87e39350   _KNL_swiptr
87e39354   _KNL_curqueue
87e39358   _KNL_maxqueue
87e3935c   _KNL_tswitchfxn
87e39360   _KNL_tcreatefxn
87e39364   _KNL_tdeletefxn
87e39368   _KNL_treadyfxn
87e3936c   _KNL_idlefxn
87e39370   _EXC_sysTrapTable
87e39378   _EXC_returnPtr
87e39390   HWI_D_spsave
87e39390   _HWI_D_spsave
87e39390   _HWI_data
87e3939c   _HWI_D_inhwi
87e393a0   HWI_D_bss
87e393a4   HWI_D_ccmask
87e393a8   _EXC_exceptionHook
87e393ac   _EXC_internalHook
87e393b0   _EXC_externalHook
87e393b4   _EXC_nmiHook
87e393b8   _MEM_memtab
87e393c4   DDR2
87e393c4   HST_DSMBUFSEG
87e393c4   MEM_MALLOCSEG
87e393c4   MEM_SEGZERO
87e393c4   RTDX_DATAMEMSEG
87e393c4   TSK_STACKSEG
87e393c4   _DDR2
87e393c8   _TSK_nTasks
87e393cc   _TSK_pid
87e393d0   _TSK
87e393d4   _CLK_DFLTMICROSECS
87e393d8   _CLK_D_microseconds
87e393dc   _SYS_exitStackPtr
87e393e0   _SYS_exitStackTop
87e393e4   _CLK_htimePerLtime
87e393ec   _MEM
87e393f0   _POOL
87e393f6   ___end__
87e393f6   end
87e39400   HWI_A_VECS
87e39400   hwi0
87e39420   hwi1
87e39440   hwi2
87e39460   hwi3
87e39480   hwi4
87e394a0   hwi5
87e394c0   hwi6
87e394e0   hwi7
87e39500   hwi8
87e39520   hwi9
87e39540   hwi10
87e39560   hwi11
87e39580   hwi12
87e395a0   hwi13
87e395c0   hwi14
87e395e0   hwi15
87e39600   _SYS_PUTCBEG
87e397ff   _SYS_PUTCEND
87e39800   LOG_system$buf
87e39900   _DSPLINK_shmBaseAddress
87e39908   _DSPLINK_shmBaseAddress_pad
87e39990   TSK_idle
87e39990   _TSK_idle
87e399e4   SYS$config
87e399f4   TRC_cinit
87e399f8   TRC_R_mask
87e399f8   _TRC_R_mask
87e399fc   GBL_initdone
87e39a00   trace$buf
87e39b04   LOG_A_TABBEG
87e39b04   LOG_system
87e39b04   _LOG_A_TABBEG
87e39b04   _LOG_system
87e39b1c   _trace
87e39b1c   trace
87e39b34   KNL_swi
87e39b34   LOG_A_TABEND
87e39b34   SWI_A_TABBEG
87e39b34   _KNL_swi
87e39b34   _LOG_A_TABEND
87e39b60   SWI_A_TABEND
ffffffff   CACHE_L1D
ffffffff   CACHE_L1P
ffffffff   CACHE_L2
ffffffff   DSPLINKMEM
ffffffff   ECM_EVTMASK0
ffffffff   ECM_EVTMASK1
ffffffff   ECM_EVTMASK2
ffffffff   ECM_EVTMASK3
ffffffff   IRAM
ffffffff   L1DSRAM
ffffffff   POOLMEM
ffffffff   RESET_VECTOR
ffffffff   _CACHE_L1D
ffffffff   _CACHE_L1P
ffffffff   _CACHE_L2
ffffffff   _DSPLINKMEM
ffffffff   _IRAM
ffffffff   _L1DSRAM
ffffffff   _POOLMEM
ffffffff   _RESET_VECTOR
ffffffff   ___TI_pprof_out_hndl
ffffffff   ___TI_prof_data_size
ffffffff   ___TI_prof_data_start
ffffffff   ___binit__
ffffffff   ___c_args__
ffffffff   ___pinit__
ffffffff   binit
ffffffff   pinit

[1059 symbols]
